Archive member included to satisfy reference by file (symbol)

c:/program files (x86)/atmel/studio/7.0/toolchain/avr8/avr8-gnu-toolchain/bin/../lib/gcc/avr/5.4.0/avr5\libgcc.a(_exit.o)
                              C:/Program Files (x86)/Atmel/Studio/7.0/Packs/atmel/ATmega_DFP/1.6.364/gcc/dev/atmega32/avr5/crtatmega32.o (exit)
c:/program files (x86)/atmel/studio/7.0/toolchain/avr8/avr8-gnu-toolchain/bin/../lib/gcc/avr/5.4.0/avr5\libgcc.a(_copy_data.o)
                              HAL/KEYPAD.o (__do_copy_data)

Discarded input sections

 .data          0x00000000        0x0 C:/Program Files (x86)/Atmel/Studio/7.0/Packs/atmel/ATmega_DFP/1.6.364/gcc/dev/atmega32/avr5/crtatmega32.o
 .bss           0x00000000        0x0 C:/Program Files (x86)/Atmel/Studio/7.0/Packs/atmel/ATmega_DFP/1.6.364/gcc/dev/atmega32/avr5/crtatmega32.o
 .group         0x00000000        0x8 HAL/KEYPAD.o
 .group         0x00000000        0x8 HAL/KEYPAD.o
 .group         0x00000000        0x8 HAL/KEYPAD.o
 .group         0x00000000        0x8 HAL/KEYPAD.o
 .group         0x00000000        0x8 HAL/KEYPAD.o
 .group         0x00000000        0x8 HAL/KEYPAD.o
 .group         0x00000000        0x8 HAL/KEYPAD.o
 .group         0x00000000        0x8 HAL/KEYPAD.o
 .group         0x00000000        0x8 HAL/KEYPAD.o
 .group         0x00000000        0x8 HAL/KEYPAD.o
 .group         0x00000000        0x8 HAL/KEYPAD.o
 .group         0x00000000        0x8 HAL/KEYPAD.o
 .group         0x00000000        0x8 HAL/KEYPAD.o
 .text          0x00000000        0x0 HAL/KEYPAD.o
 .data          0x00000000        0x0 HAL/KEYPAD.o
 .bss           0x00000000        0x0 HAL/KEYPAD.o
 .text.KEYPAD_INIT
                0x00000000       0xe8 HAL/KEYPAD.o
 .text.KEYPAD_GETCHAR
                0x00000000      0x1b6 HAL/KEYPAD.o
 .data.KEYPAD_COLUM
                0x00000000        0x4 HAL/KEYPAD.o
 .data.KEYPAD_ROW
                0x00000000        0x4 HAL/KEYPAD.o
 .debug_info    0x00000000      0x3f2 HAL/KEYPAD.o
 .debug_abbrev  0x00000000      0x105 HAL/KEYPAD.o
 .debug_loc     0x00000000      0x194 HAL/KEYPAD.o
 .debug_aranges
                0x00000000       0x28 HAL/KEYPAD.o
 .debug_ranges  0x00000000       0x18 HAL/KEYPAD.o
 .debug_macro   0x00000000       0x9d HAL/KEYPAD.o
 .debug_macro   0x00000000      0xa4e HAL/KEYPAD.o
 .debug_macro   0x00000000      0x1c9 HAL/KEYPAD.o
 .debug_macro   0x00000000      0x2fc HAL/KEYPAD.o
 .debug_macro   0x00000000       0x58 HAL/KEYPAD.o
 .debug_macro   0x00000000       0x10 HAL/KEYPAD.o
 .debug_macro   0x00000000       0x97 HAL/KEYPAD.o
 .debug_macro   0x00000000       0xf2 HAL/KEYPAD.o
 .debug_macro   0x00000000       0x1c HAL/KEYPAD.o
 .debug_macro   0x00000000       0x97 HAL/KEYPAD.o
 .debug_macro   0x00000000       0x66 HAL/KEYPAD.o
 .debug_macro   0x00000000       0xac HAL/KEYPAD.o
 .debug_macro   0x00000000       0x52 HAL/KEYPAD.o
 .debug_macro   0x00000000       0x3a HAL/KEYPAD.o
 .debug_line    0x00000000      0x37c HAL/KEYPAD.o
 .debug_str     0x00000000     0x471c HAL/KEYPAD.o
 .comment       0x00000000       0x31 HAL/KEYPAD.o
 .debug_frame   0x00000000       0x88 HAL/KEYPAD.o
 .group         0x00000000        0x8 HAL/LCD.o
 .group         0x00000000        0x8 HAL/LCD.o
 .group         0x00000000        0x8 HAL/LCD.o
 .group         0x00000000        0x8 HAL/LCD.o
 .group         0x00000000        0x8 HAL/LCD.o
 .group         0x00000000        0x8 HAL/LCD.o
 .group         0x00000000        0x8 HAL/LCD.o
 .group         0x00000000        0x8 HAL/LCD.o
 .group         0x00000000        0x8 HAL/LCD.o
 .group         0x00000000        0x8 HAL/LCD.o
 .group         0x00000000        0x8 HAL/LCD.o
 .group         0x00000000        0x8 HAL/LCD.o
 .group         0x00000000        0x8 HAL/LCD.o
 .group         0x00000000        0x8 HAL/LCD.o
 .group         0x00000000        0x8 HAL/LCD.o
 .group         0x00000000        0x8 HAL/LCD.o
 .text          0x00000000        0x0 HAL/LCD.o
 .data          0x00000000        0x0 HAL/LCD.o
 .bss           0x00000000        0x0 HAL/LCD.o
 .text.GPIO_INIT
                0x00000000       0xa4 HAL/LCD.o
 .text.Data_INPUT
                0x00000000       0x64 HAL/LCD.o
 .text.LCD_config
                0x00000000       0x26 HAL/LCD.o
 .text.LCD_busy
                0x00000000       0x8c HAL/LCD.o
 .text.LCD_WRITE_COMMAND
                0x00000000       0x5e HAL/LCD.o
 .text.LCD_CRUSOR_GOTO_XY
                0x00000000       0x1c HAL/LCD.o
 .text.LCD_clear_screen
                0x00000000        0x8 HAL/LCD.o
 .text.LCD_init
                0x00000000       0x64 HAL/LCD.o
 .text.LCD_WRITE_CHAR
                0x00000000       0x5e HAL/LCD.o
 .text.LCD_WRITE_STRING
                0x00000000       0x4e HAL/LCD.o
 .debug_info    0x00000000      0x9d8 HAL/LCD.o
 .debug_abbrev  0x00000000      0x1e6 HAL/LCD.o
 .debug_loc     0x00000000      0x3e9 HAL/LCD.o
 .debug_aranges
                0x00000000       0x68 HAL/LCD.o
 .debug_ranges  0x00000000       0x58 HAL/LCD.o
 .debug_macro   0x00000000       0xbc HAL/LCD.o
 .debug_macro   0x00000000      0xa4e HAL/LCD.o
 .debug_macro   0x00000000       0x10 HAL/LCD.o
 .debug_macro   0x00000000       0x10 HAL/LCD.o
 .debug_macro   0x00000000      0x1c9 HAL/LCD.o
 .debug_macro   0x00000000      0x2fc HAL/LCD.o
 .debug_macro   0x00000000      0x166 HAL/LCD.o
 .debug_macro   0x00000000       0x58 HAL/LCD.o
 .debug_macro   0x00000000       0x10 HAL/LCD.o
 .debug_macro   0x00000000       0x97 HAL/LCD.o
 .debug_macro   0x00000000       0xf2 HAL/LCD.o
 .debug_macro   0x00000000       0x1c HAL/LCD.o
 .debug_macro   0x00000000       0x97 HAL/LCD.o
 .debug_macro   0x00000000       0x60 HAL/LCD.o
 .debug_macro   0x00000000       0xac HAL/LCD.o
 .debug_macro   0x00000000       0x52 HAL/LCD.o
 .debug_macro   0x00000000       0x94 HAL/LCD.o
 .debug_line    0x00000000      0x533 HAL/LCD.o
 .debug_str     0x00000000     0x4d56 HAL/LCD.o
 .comment       0x00000000       0x31 HAL/LCD.o
 .debug_frame   0x00000000      0x118 HAL/LCD.o
 .group         0x00000000        0x8 MCAL/GPIO..o
 .group         0x00000000        0x8 MCAL/GPIO..o
 .group         0x00000000        0x8 MCAL/GPIO..o
 .group         0x00000000        0x8 MCAL/GPIO..o
 .group         0x00000000        0x8 MCAL/GPIO..o
 .group         0x00000000        0x8 MCAL/GPIO..o
 .group         0x00000000        0x8 MCAL/GPIO..o
 .group         0x00000000        0x8 MCAL/GPIO..o
 .group         0x00000000        0x8 MCAL/GPIO..o
 .group         0x00000000        0x8 MCAL/GPIO..o
 .group         0x00000000        0x8 MCAL/GPIO..o
 .group         0x00000000        0x8 MCAL/GPIO..o
 .text          0x00000000        0x0 MCAL/GPIO..o
 .data          0x00000000        0x0 MCAL/GPIO..o
 .bss           0x00000000        0x0 MCAL/GPIO..o
 .text.MCAL_GPIO_DeInit
                0x00000000        0xe MCAL/GPIO..o
 .text.MCAL_READPin
                0x00000000       0x10 MCAL/GPIO..o
 .text.MCAL_READPort
                0x00000000        0xa MCAL/GPIO..o
 .text.MCAL_WritePin
                0x00000000       0x1e MCAL/GPIO..o
 .text.MCAL_WritePort
                0x00000000        0x6 MCAL/GPIO..o
 .text.MCAL_TogglePin
                0x00000000        0xa MCAL/GPIO..o
 .debug_macro   0x00000000      0xa4e MCAL/GPIO..o
 .debug_macro   0x00000000      0x1c9 MCAL/GPIO..o
 .debug_macro   0x00000000      0x2fc MCAL/GPIO..o
 .debug_macro   0x00000000       0x58 MCAL/GPIO..o
 .debug_macro   0x00000000       0x10 MCAL/GPIO..o
 .debug_macro   0x00000000       0x97 MCAL/GPIO..o
 .debug_macro   0x00000000       0xf2 MCAL/GPIO..o
 .debug_macro   0x00000000       0x1c MCAL/GPIO..o
 .debug_macro   0x00000000       0x97 MCAL/GPIO..o
 .debug_macro   0x00000000       0x66 MCAL/GPIO..o
 .debug_macro   0x00000000       0xac MCAL/GPIO..o
 .debug_macro   0x00000000       0x52 MCAL/GPIO..o
 .group         0x00000000        0x8 MCAL/SPI.o
 .group         0x00000000        0x8 MCAL/SPI.o
 .group         0x00000000        0x8 MCAL/SPI.o
 .group         0x00000000        0x8 MCAL/SPI.o
 .group         0x00000000        0x8 MCAL/SPI.o
 .group         0x00000000        0x8 MCAL/SPI.o
 .group         0x00000000        0x8 MCAL/SPI.o
 .group         0x00000000        0x8 MCAL/SPI.o
 .group         0x00000000        0x8 MCAL/SPI.o
 .group         0x00000000        0x8 MCAL/SPI.o
 .group         0x00000000        0x8 MCAL/SPI.o
 .group         0x00000000        0x8 MCAL/SPI.o
 .group         0x00000000        0x8 MCAL/SPI.o
 .text          0x00000000        0x0 MCAL/SPI.o
 .data          0x00000000        0x0 MCAL/SPI.o
 .bss           0x00000000        0x0 MCAL/SPI.o
 .text.SPI_Slave_Init
                0x00000000       0x36 MCAL/SPI.o
 .text.SPI_Slave_Recieve
                0x00000000        0x8 MCAL/SPI.o
 .debug_macro   0x00000000      0xa4e MCAL/SPI.o
 .debug_macro   0x00000000      0x1c9 MCAL/SPI.o
 .debug_macro   0x00000000      0x2fc MCAL/SPI.o
 .debug_macro   0x00000000       0x58 MCAL/SPI.o
 .debug_macro   0x00000000       0x10 MCAL/SPI.o
 .debug_macro   0x00000000       0x97 MCAL/SPI.o
 .debug_macro   0x00000000       0xf2 MCAL/SPI.o
 .debug_macro   0x00000000       0x1c MCAL/SPI.o
 .debug_macro   0x00000000       0x97 MCAL/SPI.o
 .debug_macro   0x00000000       0x66 MCAL/SPI.o
 .debug_macro   0x00000000       0xac MCAL/SPI.o
 .debug_macro   0x00000000       0x52 MCAL/SPI.o
 .group         0x00000000        0x8 MCAL/UART.o
 .group         0x00000000        0x8 MCAL/UART.o
 .group         0x00000000        0x8 MCAL/UART.o
 .group         0x00000000        0x8 MCAL/UART.o
 .group         0x00000000        0x8 MCAL/UART.o
 .group         0x00000000        0x8 MCAL/UART.o
 .group         0x00000000        0x8 MCAL/UART.o
 .group         0x00000000        0x8 MCAL/UART.o
 .group         0x00000000        0x8 MCAL/UART.o
 .group         0x00000000        0x8 MCAL/UART.o
 .group         0x00000000        0x8 MCAL/UART.o
 .group         0x00000000        0x8 MCAL/UART.o
 .group         0x00000000        0x8 MCAL/UART.o
 .text          0x00000000        0x0 MCAL/UART.o
 .data          0x00000000        0x0 MCAL/UART.o
 .bss           0x00000000        0x0 MCAL/UART.o
 .text.UART_Init
                0x00000000        0xe MCAL/UART.o
 .text.Uart_Send
                0x00000000        0x8 MCAL/UART.o
 .text.Uart_Recieve
                0x00000000        0x8 MCAL/UART.o
 .text.UART_Send_Number
                0x00000000       0x4a MCAL/UART.o
 .text.Uart_Recieve_Nummber
                0x00000000       0x3a MCAL/UART.o
 .text.UART_Send_String
                0x00000000       0x2c MCAL/UART.o
 .text.Uart_Recieve_String
                0x00000000       0x42 MCAL/UART.o
 .debug_info    0x00000000      0x221 MCAL/UART.o
 .debug_abbrev  0x00000000      0x144 MCAL/UART.o
 .debug_loc     0x00000000      0x265 MCAL/UART.o
 .debug_aranges
                0x00000000       0x50 MCAL/UART.o
 .debug_ranges  0x00000000       0x40 MCAL/UART.o
 .debug_macro   0x00000000       0xa1 MCAL/UART.o
 .debug_macro   0x00000000      0xa4e MCAL/UART.o
 .debug_macro   0x00000000      0x1c9 MCAL/UART.o
 .debug_macro   0x00000000      0x2fc MCAL/UART.o
 .debug_macro   0x00000000       0x58 MCAL/UART.o
 .debug_macro   0x00000000       0x10 MCAL/UART.o
 .debug_macro   0x00000000       0x97 MCAL/UART.o
 .debug_macro   0x00000000       0xf2 MCAL/UART.o
 .debug_macro   0x00000000       0x1c MCAL/UART.o
 .debug_macro   0x00000000       0x97 MCAL/UART.o
 .debug_macro   0x00000000       0x66 MCAL/UART.o
 .debug_macro   0x00000000       0xac MCAL/UART.o
 .debug_macro   0x00000000       0x16 MCAL/UART.o
 .debug_macro   0x00000000       0x20 MCAL/UART.o
 .debug_line    0x00000000      0x2d5 MCAL/UART.o
 .debug_str     0x00000000     0x46f4 MCAL/UART.o
 .comment       0x00000000       0x31 MCAL/UART.o
 .debug_frame   0x00000000       0xd0 MCAL/UART.o
 .group         0x00000000        0x8 src/ASF/mega/boards/stk600/rcx_x/init.o
 .group         0x00000000        0x8 src/ASF/mega/boards/stk600/rcx_x/init.o
 .group         0x00000000        0x8 src/ASF/mega/boards/stk600/rcx_x/init.o
 .group         0x00000000        0x8 src/ASF/mega/boards/stk600/rcx_x/init.o
 .group         0x00000000        0x8 src/ASF/mega/boards/stk600/rcx_x/init.o
 .group         0x00000000        0x8 src/ASF/mega/boards/stk600/rcx_x/init.o
 .group         0x00000000        0x8 src/ASF/mega/boards/stk600/rcx_x/init.o
 .group         0x00000000        0x8 src/ASF/mega/boards/stk600/rcx_x/init.o
 .group         0x00000000        0x8 src/ASF/mega/boards/stk600/rcx_x/init.o
 .group         0x00000000        0x8 src/ASF/mega/boards/stk600/rcx_x/init.o
 .group         0x00000000        0x8 src/ASF/mega/boards/stk600/rcx_x/init.o
 .group         0x00000000        0x8 src/ASF/mega/boards/stk600/rcx_x/init.o
 .group         0x00000000        0x8 src/ASF/mega/boards/stk600/rcx_x/init.o
 .group         0x00000000        0x8 src/ASF/mega/boards/stk600/rcx_x/init.o
 .group         0x00000000        0x8 src/ASF/mega/boards/stk600/rcx_x/init.o
 .group         0x00000000        0x8 src/ASF/mega/boards/stk600/rcx_x/init.o
 .group         0x00000000        0x8 src/ASF/mega/boards/stk600/rcx_x/init.o
 .group         0x00000000        0x8 src/ASF/mega/boards/stk600/rcx_x/init.o
 .group         0x00000000        0x8 src/ASF/mega/boards/stk600/rcx_x/init.o
 .group         0x00000000        0x8 src/ASF/mega/boards/stk600/rcx_x/init.o
 .group         0x00000000        0x8 src/ASF/mega/boards/stk600/rcx_x/init.o
 .group         0x00000000        0x8 src/ASF/mega/boards/stk600/rcx_x/init.o
 .group         0x00000000        0x8 src/ASF/mega/boards/stk600/rcx_x/init.o
 .group         0x00000000        0x8 src/ASF/mega/boards/stk600/rcx_x/init.o
 .group         0x00000000        0x8 src/ASF/mega/boards/stk600/rcx_x/init.o
 .text          0x00000000        0x0 src/ASF/mega/boards/stk600/rcx_x/init.o
 .data          0x00000000        0x0 src/ASF/mega/boards/stk600/rcx_x/init.o
 .bss           0x00000000        0x0 src/ASF/mega/boards/stk600/rcx_x/init.o
 .text.board_init
                0x00000000        0x2 src/ASF/mega/boards/stk600/rcx_x/init.o
 .debug_info    0x00000000       0x7c src/ASF/mega/boards/stk600/rcx_x/init.o
 .debug_abbrev  0x00000000       0x47 src/ASF/mega/boards/stk600/rcx_x/init.o
 .debug_aranges
                0x00000000       0x20 src/ASF/mega/boards/stk600/rcx_x/init.o
 .debug_ranges  0x00000000       0x10 src/ASF/mega/boards/stk600/rcx_x/init.o
 .debug_macro   0x00000000      0x134 src/ASF/mega/boards/stk600/rcx_x/init.o
 .debug_macro   0x00000000      0xa4e src/ASF/mega/boards/stk600/rcx_x/init.o
 .debug_macro   0x00000000       0x10 src/ASF/mega/boards/stk600/rcx_x/init.o
 .debug_macro   0x00000000      0x1c9 src/ASF/mega/boards/stk600/rcx_x/init.o
 .debug_macro   0x00000000      0x2fc src/ASF/mega/boards/stk600/rcx_x/init.o
 .debug_macro   0x00000000       0x9e src/ASF/mega/boards/stk600/rcx_x/init.o
 .debug_macro   0x00000000      0xc24 src/ASF/mega/boards/stk600/rcx_x/init.o
 .debug_macro   0x00000000      0x170 src/ASF/mega/boards/stk600/rcx_x/init.o
 .debug_macro   0x00000000       0xbd src/ASF/mega/boards/stk600/rcx_x/init.o
 .debug_macro   0x00000000       0x34 src/ASF/mega/boards/stk600/rcx_x/init.o
 .debug_macro   0x00000000       0x18 src/ASF/mega/boards/stk600/rcx_x/init.o
 .debug_macro   0x00000000       0x6c src/ASF/mega/boards/stk600/rcx_x/init.o
 .debug_macro   0x00000000       0x22 src/ASF/mega/boards/stk600/rcx_x/init.o
 .debug_macro   0x00000000      0x16d src/ASF/mega/boards/stk600/rcx_x/init.o
 .debug_macro   0x00000000       0x1c src/ASF/mega/boards/stk600/rcx_x/init.o
 .debug_macro   0x00000000       0x35 src/ASF/mega/boards/stk600/rcx_x/init.o
 .debug_macro   0x00000000       0x66 src/ASF/mega/boards/stk600/rcx_x/init.o
 .debug_macro   0x00000000      0x71d src/ASF/mega/boards/stk600/rcx_x/init.o
 .debug_macro   0x00000000       0x43 src/ASF/mega/boards/stk600/rcx_x/init.o
 .debug_macro   0x00000000       0x69 src/ASF/mega/boards/stk600/rcx_x/init.o
 .debug_macro   0x00000000       0x2b src/ASF/mega/boards/stk600/rcx_x/init.o
 .debug_macro   0x00000000       0x10 src/ASF/mega/boards/stk600/rcx_x/init.o
 .debug_macro   0x00000000       0xe2 src/ASF/mega/boards/stk600/rcx_x/init.o
 .debug_macro   0x00000000       0x40 src/ASF/mega/boards/stk600/rcx_x/init.o
 .debug_macro   0x00000000      0x100 src/ASF/mega/boards/stk600/rcx_x/init.o
 .debug_macro   0x00000000      0x2d9 src/ASF/mega/boards/stk600/rcx_x/init.o
 .debug_line    0x00000000      0x35e src/ASF/mega/boards/stk600/rcx_x/init.o
 .debug_str     0x00000000     0xf6b6 src/ASF/mega/boards/stk600/rcx_x/init.o
 .comment       0x00000000       0x31 src/ASF/mega/boards/stk600/rcx_x/init.o
 .debug_frame   0x00000000       0x24 src/ASF/mega/boards/stk600/rcx_x/init.o
 .group         0x00000000        0x8 src/main.o
 .group         0x00000000        0x8 src/main.o
 .group         0x00000000        0x8 src/main.o
 .group         0x00000000        0x8 src/main.o
 .group         0x00000000        0x8 src/main.o
 .group         0x00000000        0x8 src/main.o
 .group         0x00000000        0x8 src/main.o
 .group         0x00000000        0x8 src/main.o
 .group         0x00000000        0x8 src/main.o
 .group         0x00000000        0x8 src/main.o
 .group         0x00000000        0x8 src/main.o
 .group         0x00000000        0x8 src/main.o
 .group         0x00000000        0x8 src/main.o
 .group         0x00000000        0x8 src/main.o
 .group         0x00000000        0x8 src/main.o
 .group         0x00000000        0x8 src/main.o
 .group         0x00000000        0x8 src/main.o
 .group         0x00000000        0x8 src/main.o
 .group         0x00000000        0x8 src/main.o
 .group         0x00000000        0x8 src/main.o
 .text          0x00000000        0x0 src/main.o
 .data          0x00000000        0x0 src/main.o
 .bss           0x00000000        0x0 src/main.o
 .debug_macro   0x00000000      0xa4e src/main.o
 .debug_macro   0x00000000      0x1c9 src/main.o
 .debug_macro   0x00000000      0x2fc src/main.o
 .debug_macro   0x00000000       0x58 src/main.o
 .debug_macro   0x00000000       0x10 src/main.o
 .debug_macro   0x00000000       0x97 src/main.o
 .debug_macro   0x00000000       0xf2 src/main.o
 .debug_macro   0x00000000       0x1c src/main.o
 .debug_macro   0x00000000       0x97 src/main.o
 .debug_macro   0x00000000       0x66 src/main.o
 .debug_macro   0x00000000       0xac src/main.o
 .debug_macro   0x00000000       0x52 src/main.o
 .debug_macro   0x00000000       0x10 src/main.o
 .debug_macro   0x00000000       0x10 src/main.o
 .debug_macro   0x00000000       0x94 src/main.o
 .debug_macro   0x00000000       0x16 src/main.o
 .debug_macro   0x00000000       0x20 src/main.o
 .debug_macro   0x00000000       0x28 src/main.o
 .text          0x00000000        0x0 c:/program files (x86)/atmel/studio/7.0/toolchain/avr8/avr8-gnu-toolchain/bin/../lib/gcc/avr/5.4.0/avr5\libgcc.a(_exit.o)
 .data          0x00000000        0x0 c:/program files (x86)/atmel/studio/7.0/toolchain/avr8/avr8-gnu-toolchain/bin/../lib/gcc/avr/5.4.0/avr5\libgcc.a(_exit.o)
 .bss           0x00000000        0x0 c:/program files (x86)/atmel/studio/7.0/toolchain/avr8/avr8-gnu-toolchain/bin/../lib/gcc/avr/5.4.0/avr5\libgcc.a(_exit.o)
 .text.libgcc.mul
                0x00000000        0x0 c:/program files (x86)/atmel/studio/7.0/toolchain/avr8/avr8-gnu-toolchain/bin/../lib/gcc/avr/5.4.0/avr5\libgcc.a(_exit.o)
 .text.libgcc.div
                0x00000000        0x0 c:/program files (x86)/atmel/studio/7.0/toolchain/avr8/avr8-gnu-toolchain/bin/../lib/gcc/avr/5.4.0/avr5\libgcc.a(_exit.o)
 .text.libgcc   0x00000000        0x0 c:/program files (x86)/atmel/studio/7.0/toolchain/avr8/avr8-gnu-toolchain/bin/../lib/gcc/avr/5.4.0/avr5\libgcc.a(_exit.o)
 .text.libgcc.prologue
                0x00000000        0x0 c:/program files (x86)/atmel/studio/7.0/toolchain/avr8/avr8-gnu-toolchain/bin/../lib/gcc/avr/5.4.0/avr5\libgcc.a(_exit.o)
 .text.libgcc.builtins
                0x00000000        0x0 c:/program files (x86)/atmel/studio/7.0/toolchain/avr8/avr8-gnu-toolchain/bin/../lib/gcc/avr/5.4.0/avr5\libgcc.a(_exit.o)
 .text.libgcc.fmul
                0x00000000        0x0 c:/program files (x86)/atmel/studio/7.0/toolchain/avr8/avr8-gnu-toolchain/bin/../lib/gcc/avr/5.4.0/avr5\libgcc.a(_exit.o)
 .text.libgcc.fixed
                0x00000000        0x0 c:/program files (x86)/atmel/studio/7.0/toolchain/avr8/avr8-gnu-toolchain/bin/../lib/gcc/avr/5.4.0/avr5\libgcc.a(_exit.o)
 .text          0x00000000        0x0 c:/program files (x86)/atmel/studio/7.0/toolchain/avr8/avr8-gnu-toolchain/bin/../lib/gcc/avr/5.4.0/avr5\libgcc.a(_copy_data.o)
 .data          0x00000000        0x0 c:/program files (x86)/atmel/studio/7.0/toolchain/avr8/avr8-gnu-toolchain/bin/../lib/gcc/avr/5.4.0/avr5\libgcc.a(_copy_data.o)
 .bss           0x00000000        0x0 c:/program files (x86)/atmel/studio/7.0/toolchain/avr8/avr8-gnu-toolchain/bin/../lib/gcc/avr/5.4.0/avr5\libgcc.a(_copy_data.o)
 .text.libgcc.mul
                0x00000000        0x0 c:/program files (x86)/atmel/studio/7.0/toolchain/avr8/avr8-gnu-toolchain/bin/../lib/gcc/avr/5.4.0/avr5\libgcc.a(_copy_data.o)
 .text.libgcc.div
                0x00000000        0x0 c:/program files (x86)/atmel/studio/7.0/toolchain/avr8/avr8-gnu-toolchain/bin/../lib/gcc/avr/5.4.0/avr5\libgcc.a(_copy_data.o)
 .text.libgcc   0x00000000        0x0 c:/program files (x86)/atmel/studio/7.0/toolchain/avr8/avr8-gnu-toolchain/bin/../lib/gcc/avr/5.4.0/avr5\libgcc.a(_copy_data.o)
 .text.libgcc.prologue
                0x00000000        0x0 c:/program files (x86)/atmel/studio/7.0/toolchain/avr8/avr8-gnu-toolchain/bin/../lib/gcc/avr/5.4.0/avr5\libgcc.a(_copy_data.o)
 .text.libgcc.builtins
                0x00000000        0x0 c:/program files (x86)/atmel/studio/7.0/toolchain/avr8/avr8-gnu-toolchain/bin/../lib/gcc/avr/5.4.0/avr5\libgcc.a(_copy_data.o)
 .text.libgcc.fmul
                0x00000000        0x0 c:/program files (x86)/atmel/studio/7.0/toolchain/avr8/avr8-gnu-toolchain/bin/../lib/gcc/avr/5.4.0/avr5\libgcc.a(_copy_data.o)
 .text.libgcc.fixed
                0x00000000        0x0 c:/program files (x86)/atmel/studio/7.0/toolchain/avr8/avr8-gnu-toolchain/bin/../lib/gcc/avr/5.4.0/avr5\libgcc.a(_copy_data.o)

Memory Configuration

Name             Origin             Length             Attributes
text             0x00000000         0x00008000         xr
data             0x00800060         0x00000800         rw !x
eeprom           0x00810000         0x00000400         rw !x
fuse             0x00820000         0x00000002         rw !x
lock             0x00830000         0x00000400         rw !x
signature        0x00840000         0x00000400         rw !x
user_signatures  0x00850000         0x00000400         rw !x
*default*        0x00000000         0xffffffff

Linker script and memory map

LOAD C:/Program Files (x86)/Atmel/Studio/7.0/Packs/atmel/ATmega_DFP/1.6.364/gcc/dev/atmega32/avr5/crtatmega32.o
LOAD HAL/KEYPAD.o
LOAD HAL/LCD.o
LOAD MCAL/GPIO..o
LOAD MCAL/SPI.o
LOAD MCAL/UART.o
LOAD src/ASF/mega/boards/stk600/rcx_x/init.o
LOAD src/main.o
START GROUP
LOAD c:/program files (x86)/atmel/studio/7.0/toolchain/avr8/avr8-gnu-toolchain/bin/../lib/gcc/avr/5.4.0/../../../../avr/lib/avr5\libm.a
END GROUP
START GROUP
LOAD c:/program files (x86)/atmel/studio/7.0/toolchain/avr8/avr8-gnu-toolchain/bin/../lib/gcc/avr/5.4.0/avr5\libgcc.a
LOAD c:/program files (x86)/atmel/studio/7.0/toolchain/avr8/avr8-gnu-toolchain/bin/../lib/gcc/avr/5.4.0/../../../../avr/lib/avr5\libm.a
LOAD c:/program files (x86)/atmel/studio/7.0/toolchain/avr8/avr8-gnu-toolchain/bin/../lib/gcc/avr/5.4.0/../../../../avr/lib/avr5\libc.a
LOAD C:/Program Files (x86)/Atmel/Studio/7.0/Packs/atmel/ATmega_DFP/1.6.364/gcc/dev/atmega32/avr5\libatmega32.a
END GROUP
                0x00000000                __TEXT_REGION_ORIGIN__ = DEFINED (__TEXT_REGION_ORIGIN__)?__TEXT_REGION_ORIGIN__:0x0
                [0x00800060]                __DATA_REGION_ORIGIN__ = DEFINED (__DATA_REGION_ORIGIN__)?__DATA_REGION_ORIGIN__:0x800060
                [0x00008000]                __TEXT_REGION_LENGTH__ = DEFINED (__TEXT_REGION_LENGTH__)?__TEXT_REGION_LENGTH__:0x20000
                [0x00000800]                __DATA_REGION_LENGTH__ = DEFINED (__DATA_REGION_LENGTH__)?__DATA_REGION_LENGTH__:0xffa0
                [0x00000400]                __EEPROM_REGION_LENGTH__ = DEFINED (__EEPROM_REGION_LENGTH__)?__EEPROM_REGION_LENGTH__:0x10000
                [0x00000002]                __FUSE_REGION_LENGTH__ = DEFINED (__FUSE_REGION_LENGTH__)?__FUSE_REGION_LENGTH__:0x400
                0x00000400                __LOCK_REGION_LENGTH__ = DEFINED (__LOCK_REGION_LENGTH__)?__LOCK_REGION_LENGTH__:0x400
                0x00000400                __SIGNATURE_REGION_LENGTH__ = DEFINED (__SIGNATURE_REGION_LENGTH__)?__SIGNATURE_REGION_LENGTH__:0x400
                0x00000400                __USER_SIGNATURE_REGION_LENGTH__ = DEFINED (__USER_SIGNATURE_REGION_LENGTH__)?__USER_SIGNATURE_REGION_LENGTH__:0x400

.hash
 *(.hash)

.dynsym
 *(.dynsym)

.dynstr
 *(.dynstr)

.gnu.version
 *(.gnu.version)

.gnu.version_d
 *(.gnu.version_d)

.gnu.version_r
 *(.gnu.version_r)

.rel.init
 *(.rel.init)

.rela.init
 *(.rela.init)

.rel.text
 *(.rel.text)
 *(.rel.text.*)
 *(.rel.gnu.linkonce.t*)

.rela.text
 *(.rela.text)
 *(.rela.text.*)
 *(.rela.gnu.linkonce.t*)

.rel.fini
 *(.rel.fini)

.rela.fini
 *(.rela.fini)

.rel.rodata
 *(.rel.rodata)
 *(.rel.rodata.*)
 *(.rel.gnu.linkonce.r*)

.rela.rodata
 *(.rela.rodata)
 *(.rela.rodata.*)
 *(.rela.gnu.linkonce.r*)

.rel.data
 *(.rel.data)
 *(.rel.data.*)
 *(.rel.gnu.linkonce.d*)

.rela.data
 *(.rela.data)
 *(.rela.data.*)
 *(.rela.gnu.linkonce.d*)

.rel.ctors
 *(.rel.ctors)

.rela.ctors
 *(.rela.ctors)

.rel.dtors
 *(.rel.dtors)

.rela.dtors
 *(.rela.dtors)

.rel.got
 *(.rel.got)

.rela.got
 *(.rela.got)

.rel.bss
 *(.rel.bss)

.rela.bss
 *(.rela.bss)

.rel.plt
 *(.rel.plt)

.rela.plt
 *(.rela.plt)

.text           0x00000000      0x144
 *(.vectors)
 .vectors       0x00000000       0x54 C:/Program Files (x86)/Atmel/Studio/7.0/Packs/atmel/ATmega_DFP/1.6.364/gcc/dev/atmega32/avr5/crtatmega32.o
                0x00000000                __vector_default
                0x00000000                __vectors
 *(.vectors)
 *(.progmem.gcc*)
                0x00000054                . = ALIGN (0x2)
                0x00000054                __trampolines_start = .
 *(.trampolines)
 .trampolines   0x00000054        0x0 linker stubs
 *(.trampolines*)
                0x00000054                __trampolines_end = .
 *libprintf_flt.a:*(.progmem.data)
 *libc.a:*(.progmem.data)
 *(.progmem*)
                0x00000054                . = ALIGN (0x2)
 *(.jumptables)
 *(.jumptables*)
 *(.lowtext)
 *(.lowtext*)
                0x00000054                __ctors_start = .
 *(.ctors)
                0x00000054                __ctors_end = .
                0x00000054                __dtors_start = .
 *(.dtors)
                0x00000054                __dtors_end = .
 SORT(*)(.ctors)
 SORT(*)(.dtors)
 *(.init0)
 .init0         0x00000054        0x0 C:/Program Files (x86)/Atmel/Studio/7.0/Packs/atmel/ATmega_DFP/1.6.364/gcc/dev/atmega32/avr5/crtatmega32.o
                0x00000054                __init
 *(.init0)
 *(.init1)
 *(.init1)
 *(.init2)
 .init2         0x00000054        0xc C:/Program Files (x86)/Atmel/Studio/7.0/Packs/atmel/ATmega_DFP/1.6.364/gcc/dev/atmega32/avr5/crtatmega32.o
 *(.init2)
 *(.init3)
 *(.init3)
 *(.init4)
 .init4         0x00000060       0x16 c:/program files (x86)/atmel/studio/7.0/toolchain/avr8/avr8-gnu-toolchain/bin/../lib/gcc/avr/5.4.0/avr5\libgcc.a(_copy_data.o)
                0x00000060                __do_copy_data
 *(.init4)
 *(.init5)
 *(.init5)
 *(.init6)
 *(.init6)
 *(.init7)
 *(.init7)
 *(.init8)
 *(.init8)
 *(.init9)
 .init9         0x00000076        0x4 C:/Program Files (x86)/Atmel/Studio/7.0/Packs/atmel/ATmega_DFP/1.6.364/gcc/dev/atmega32/avr5/crtatmega32.o
 *(.init9)
 *(.text)
 .text          0x0000007a        0x2 C:/Program Files (x86)/Atmel/Studio/7.0/Packs/atmel/ATmega_DFP/1.6.364/gcc/dev/atmega32/avr5/crtatmega32.o
                0x0000007a                __vector_1
                0x0000007a                __vector_12
                0x0000007a                __bad_interrupt
                0x0000007a                __vector_6
                0x0000007a                __vector_3
                0x0000007a                __vector_11
                0x0000007a                __vector_13
                0x0000007a                __vector_17
                0x0000007a                __vector_19
                0x0000007a                __vector_7
                0x0000007a                __vector_5
                0x0000007a                __vector_4
                0x0000007a                __vector_9
                0x0000007a                __vector_2
                0x0000007a                __vector_15
                0x0000007a                __vector_8
                0x0000007a                __vector_14
                0x0000007a                __vector_10
                0x0000007a                __vector_16
                0x0000007a                __vector_18
                0x0000007a                __vector_20
                0x0000007c                . = ALIGN (0x2)
 *(.text.*)
 .text.MCAL_GPIO_Init
                0x0000007c       0x54 MCAL/GPIO..o
                0x0000007c                MCAL_GPIO_Init
 .text.SPI_Master_Init
                0x000000d0       0x44 MCAL/SPI.o
                0x000000d0                SPI_Master_Init
 .text.SPI_Master_Transmit
                0x00000114        0x8 MCAL/SPI.o
                0x00000114                SPI_Master_Transmit
 .text.main     0x0000011c       0x24 src/main.o
                0x0000011c                main
                0x00000140                . = ALIGN (0x2)
 *(.fini9)
 .fini9         0x00000140        0x0 c:/program files (x86)/atmel/studio/7.0/toolchain/avr8/avr8-gnu-toolchain/bin/../lib/gcc/avr/5.4.0/avr5\libgcc.a(_exit.o)
                0x00000140                _exit
                0x00000140                exit
 *(.fini9)
 *(.fini8)
 *(.fini8)
 *(.fini7)
 *(.fini7)
 *(.fini6)
 *(.fini6)
 *(.fini5)
 *(.fini5)
 *(.fini4)
 *(.fini4)
 *(.fini3)
 *(.fini3)
 *(.fini2)
 *(.fini2)
 *(.fini1)
 *(.fini1)
 *(.fini0)
 .fini0         0x00000140        0x4 c:/program files (x86)/atmel/studio/7.0/toolchain/avr8/avr8-gnu-toolchain/bin/../lib/gcc/avr/5.4.0/avr5\libgcc.a(_exit.o)
 *(.fini0)
                0x00000144                _etext = .

.data           0x00800060        0x0 load address 0x00000144
                0x00800060                PROVIDE (__data_start, .)
 *(.data)
 *(.data*)
 *(.gnu.linkonce.d*)
 *(.rodata)
 *(.rodata*)
 *(.gnu.linkonce.r*)
                0x00800060                . = ALIGN (0x2)
                0x00800060                _edata = .
                0x00800060                PROVIDE (__data_end, .)

.bss            0x00800060        0x0
                [!provide]                PROVIDE (__bss_start, .)
 *(.bss)
 *(.bss*)
 *(COMMON)
                [!provide]                PROVIDE (__bss_end, .)
                0x00000144                __data_load_start = LOADADDR (.data)
                0x00000144                __data_load_end = (__data_load_start + SIZEOF (.data))

.noinit         0x00800060        0x0
                [!provide]                PROVIDE (__noinit_start, .)
 *(.noinit*)
                [!provide]                PROVIDE (__noinit_end, .)
                0x00800060                _end = .
                [!provide]                PROVIDE (__heap_start, .)

.eeprom         0x00810000        0x0
 *(.eeprom*)
                0x00810000                __eeprom_end = .

.fuse
 *(.fuse)
 *(.lfuse)
 *(.hfuse)
 *(.efuse)

.lock
 *(.lock*)

.signature
 *(.signature*)

.user_signatures
 *(.user_signatures*)

.stab
 *(.stab)

.stabstr
 *(.stabstr)

.stab.excl
 *(.stab.excl)

.stab.exclstr
 *(.stab.exclstr)

.stab.index
 *(.stab.index)

.stab.indexstr
 *(.stab.indexstr)

.comment        0x00000000       0x30
 *(.comment)
 .comment       0x00000000       0x30 MCAL/GPIO..o
                                 0x31 (size before relaxing)
 .comment       0x00000030       0x31 MCAL/SPI.o
 .comment       0x00000030       0x31 src/main.o

.note.gnu.avr.deviceinfo
                0x00000000       0x3c
 .note.gnu.avr.deviceinfo
                0x00000000       0x3c C:/Program Files (x86)/Atmel/Studio/7.0/Packs/atmel/ATmega_DFP/1.6.364/gcc/dev/atmega32/avr5/crtatmega32.o

.note.gnu.build-id
 *(.note.gnu.build-id)

.debug
 *(.debug)

.line
 *(.line)

.debug_srcinfo
 *(.debug_srcinfo)

.debug_sfnames
 *(.debug_sfnames)

.debug_aranges  0x00000000       0xa8
 *(.debug_aranges)
 .debug_aranges
                0x00000000       0x50 MCAL/GPIO..o
 .debug_aranges
                0x00000050       0x38 MCAL/SPI.o
 .debug_aranges
                0x00000088       0x20 src/main.o

.debug_pubnames
 *(.debug_pubnames)

.debug_info     0x00000000      0xab2
 *(.debug_info .gnu.linkonce.wi.*)
 .debug_info    0x00000000      0x4e6 C:/Program Files (x86)/Atmel/Studio/7.0/Packs/atmel/ATmega_DFP/1.6.364/gcc/dev/atmega32/avr5/crtatmega32.o
 .debug_info    0x000004e6      0x26e MCAL/GPIO..o
 .debug_info    0x00000754      0x200 MCAL/SPI.o
 .debug_info    0x00000954      0x15e src/main.o

.debug_abbrev   0x00000000      0x777
 *(.debug_abbrev)
 .debug_abbrev  0x00000000      0x4a3 C:/Program Files (x86)/Atmel/Studio/7.0/Packs/atmel/ATmega_DFP/1.6.364/gcc/dev/atmega32/avr5/crtatmega32.o
 .debug_abbrev  0x000004a3       0xdc MCAL/GPIO..o
 .debug_abbrev  0x0000057f       0xf2 MCAL/SPI.o
 .debug_abbrev  0x00000671      0x106 src/main.o

.debug_line     0x00000000      0x845
 *(.debug_line .debug_line.* .debug_line_end)
 .debug_line    0x00000000      0x116 C:/Program Files (x86)/Atmel/Studio/7.0/Packs/atmel/ATmega_DFP/1.6.364/gcc/dev/atmega32/avr5/crtatmega32.o
 .debug_line    0x00000116      0x264 MCAL/GPIO..o
 .debug_line    0x0000037a      0x256 MCAL/SPI.o
 .debug_line    0x000005d0      0x275 src/main.o

.debug_frame    0x00000000      0x11c
 *(.debug_frame)
 .debug_frame   0x00000000       0x84 MCAL/GPIO..o
 .debug_frame   0x00000084       0x74 MCAL/SPI.o
 .debug_frame   0x000000f8       0x24 src/main.o

.debug_str      0x00000000     0x50c2
 *(.debug_str)
 .debug_str     0x00000000      0x196 C:/Program Files (x86)/Atmel/Studio/7.0/Packs/atmel/ATmega_DFP/1.6.364/gcc/dev/atmega32/avr5/crtatmega32.o
 .debug_str     0x00000196     0x45c2 MCAL/GPIO..o
                               0x46b2 (size before relaxing)
 .debug_str     0x00004758       0xe2 MCAL/SPI.o
                               0x4700 (size before relaxing)
 .debug_str     0x0000483a      0x888 src/main.o
                               0x4f1f (size before relaxing)

.debug_loc      0x00000000      0x290
 *(.debug_loc)
 .debug_loc     0x00000000      0x167 MCAL/GPIO..o
 .debug_loc     0x00000167       0xc2 MCAL/SPI.o
 .debug_loc     0x00000229       0x67 src/main.o

.debug_macinfo
 *(.debug_macinfo)

.debug_weaknames
 *(.debug_weaknames)

.debug_funcnames
 *(.debug_funcnames)

.debug_typenames
 *(.debug_typenames)

.debug_varnames
 *(.debug_varnames)

.debug_pubtypes
 *(.debug_pubtypes)

.debug_ranges   0x00000000       0x78
 *(.debug_ranges)
 .debug_ranges  0x00000000       0x40 MCAL/GPIO..o
 .debug_ranges  0x00000040       0x28 MCAL/SPI.o
 .debug_ranges  0x00000068       0x10 src/main.o

.debug_macro    0x00000000      0x3f3
 *(.debug_macro)
 .debug_macro   0x00000000       0x8e MCAL/GPIO..o
 .debug_macro   0x0000008e       0x9d MCAL/SPI.o
 .debug_macro   0x0000012b       0x28 MCAL/SPI.o
 .debug_macro   0x00000153      0x100 src/main.o
 .debug_macro   0x00000253       0x40 src/main.o
 .debug_macro   0x00000293      0x160 src/main.o
OUTPUT(Atmega32_drivers.elf elf32-avr)
LOAD linker stubs
