
Allocating common symbols
Common symbol       size              file

AA_state            0x4               AA.o
AM_state            0x4               AM.o
MAL_state           0x4               MAL.o
MAL_state_ID        0x1               main.o
PS_state            0x4               PS.o
global              0x4               main.o
AM_state_ID         0x1               AM.o
AA_state_ID         0x1               AA.o
alarm_state_ID      0x1               AA.o
PS_state_ID         0x1               main.o

Memory Configuration

Name             Origin             Length             Attributes
flash            0x0000000008000000 0x0000000000020000 xr
sram             0x0000000020000000 0x0000000000005000 xrw
*default*        0x0000000000000000 0xffffffffffffffff

Linker script and memory map


.text           0x0000000008000000      0x408
 *(.vectors*)
 .vectors       0x0000000008000000       0x1c startup.o
                0x0000000008000000                vectors
 *(.text)
 .text          0x000000000800001c       0xb4 AA.o
                0x000000000800001c                AA_init
                0x0000000008000038                _AA_ON
                0x000000000800005c                _AA_OFF
                0x0000000008000080                _AA_wait
                0x0000000008000098                start_alarm
                0x00000000080000b4                stop_alarm
 .text          0x00000000080000d0       0x8c AM.o
                0x00000000080000d0                _AM_ON
                0x0000000008000104                _AM_OFF
                0x000000000800011c                _AM_wait
                0x0000000008000140                high_pressure_detected
 .text          0x000000000800015c       0xc4 driver.o
                0x000000000800015c                Delay
                0x000000000800017c                getPressureVal
                0x0000000008000194                Set_Alarm_actuator
                0x00000000080001d0                GPIO_INITIALIZATION
 .text          0x0000000008000220       0x70 main.o
                0x0000000008000220                setup
                0x000000000800024c                main
 .text          0x0000000008000290       0x74 MAL.o
                0x0000000008000290                set_pressure_val
                0x00000000080002b4                _high_pressure
 .text          0x0000000008000304       0x74 PS.o
                0x0000000008000304                PS_init
                0x0000000008000320                _PS_reading
                0x0000000008000354                _PS_waiting
 .text          0x0000000008000378       0x90 startup.o
                0x0000000008000378                reset_handler
                0x00000000080003fc                default_handler
                0x00000000080003fc                Usage_fault_handler
                0x00000000080003fc                MM_fault_handler
                0x00000000080003fc                H_fault_handler
                0x00000000080003fc                MNI_handler
                0x00000000080003fc                Bus_fault_handler
 *(.rodata)
                0x0000000008000408                _E_text = .

.glue_7         0x0000000008000408        0x0
 .glue_7        0x0000000008000408        0x0 linker stubs

.glue_7t        0x0000000008000408        0x0
 .glue_7t       0x0000000008000408        0x0 linker stubs

.vfp11_veneer   0x0000000008000408        0x0
 .vfp11_veneer  0x0000000008000408        0x0 linker stubs

.v4_bx          0x0000000008000408        0x0
 .v4_bx         0x0000000008000408        0x0 linker stubs

.iplt           0x0000000008000408        0x0
 .iplt          0x0000000008000408        0x0 AA.o

.rel.dyn        0x0000000008000408        0x0
 .rel.iplt      0x0000000008000408        0x0 AA.o

.data           0x0000000020000000        0xc load address 0x0000000008000408
                0x0000000020000000                _S_DATA = .
 *(.data)
 .data          0x0000000020000000        0x0 AA.o
 .data          0x0000000020000000        0x4 AM.o
                0x0000000020000000                alarm_time
 .data          0x0000000020000004        0x0 driver.o
 .data          0x0000000020000004        0x0 main.o
 .data          0x0000000020000004        0x4 MAL.o
                0x0000000020000004                threshold
 .data          0x0000000020000008        0x4 PS.o
                0x0000000020000008                timer_val
 .data          0x000000002000000c        0x0 startup.o
                0x000000002000000c                . = ALIGN (0x4)
                0x000000002000000c                _E_DATA = .

.igot.plt       0x000000002000000c        0x0 load address 0x0000000008000414
 .igot.plt      0x000000002000000c        0x0 AA.o

.bss            0x000000002000000c     0x1028 load address 0x0000000008000414
                0x000000002000000c                _S_BSS = .
 *(.bss)
 .bss           0x000000002000000c        0x0 AA.o
 .bss           0x000000002000000c        0x0 AM.o
 .bss           0x000000002000000c        0x0 driver.o
 .bss           0x000000002000000c        0x0 main.o
 .bss           0x000000002000000c        0x0 MAL.o
 .bss           0x000000002000000c        0x4 PS.o
                0x000000002000000c                pressure_val
 .bss           0x0000000020000010        0x0 startup.o
                0x0000000020000010                . = ALIGN (0x4)
                0x0000000020000010                _E_BSS = .
                0x0000000020000010                . = ALIGN (0x4)
                0x0000000020001010                . = (. + 0x1000)
 *fill*         0x0000000020000010     0x1000 
                0x0000000020001010                _stack_top = .
 COMMON         0x0000000020001010        0x6 AA.o
                0x0000000020001010                AA_state
                0x0000000020001014                AA_state_ID
                0x0000000020001015                alarm_state_ID
 *fill*         0x0000000020001016        0x2 
 COMMON         0x0000000020001018        0x5 AM.o
                0x0000000020001018                AM_state
                0x000000002000101c                AM_state_ID
 *fill*         0x000000002000101d        0x3 
 COMMON         0x0000000020001020        0x9 main.o
                0x0000000020001020                MAL_state_ID
                0x0000000020001024                global
                0x0000000020001028                PS_state_ID
 *fill*         0x0000000020001029        0x3 
 COMMON         0x000000002000102c        0x4 MAL.o
                0x000000002000102c                MAL_state
 COMMON         0x0000000020001030        0x4 PS.o
                0x0000000020001030                PS_state
LOAD AA.o
LOAD AM.o
LOAD driver.o
LOAD main.o
LOAD MAL.o
LOAD PS.o
LOAD startup.o
OUTPUT(Pressure_detecting.elf elf32-littlearm)

.debug_info     0x0000000000000000     0x3f50
 .debug_info    0x0000000000000000      0xa78 AA.o
 .debug_info    0x0000000000000a78      0xa34 AM.o
 .debug_info    0x00000000000014ac      0xa05 driver.o
 .debug_info    0x0000000000001eb1      0xad8 main.o
 .debug_info    0x0000000000002989      0xa0b MAL.o
 .debug_info    0x0000000000003394      0xa2b PS.o
 .debug_info    0x0000000000003dbf      0x191 startup.o

.debug_abbrev   0x0000000000000000      0xc10
 .debug_abbrev  0x0000000000000000      0x1e1 AA.o
 .debug_abbrev  0x00000000000001e1      0x1e1 AM.o
 .debug_abbrev  0x00000000000003c2      0x1de driver.o
 .debug_abbrev  0x00000000000005a0      0x1d6 main.o
 .debug_abbrev  0x0000000000000776      0x1e1 MAL.o
 .debug_abbrev  0x0000000000000957      0x1e1 PS.o
 .debug_abbrev  0x0000000000000b38       0xd8 startup.o

.debug_loc      0x0000000000000000      0x568
 .debug_loc     0x0000000000000000      0x168 AA.o
 .debug_loc     0x0000000000000168       0xc8 AM.o
 .debug_loc     0x0000000000000230      0x140 driver.o
 .debug_loc     0x0000000000000370       0x58 main.o
 .debug_loc     0x00000000000003c8       0x70 MAL.o
 .debug_loc     0x0000000000000438       0xb4 PS.o
 .debug_loc     0x00000000000004ec       0x7c startup.o

.debug_aranges  0x0000000000000000       0xe0
 .debug_aranges
                0x0000000000000000       0x20 AA.o
 .debug_aranges
                0x0000000000000020       0x20 AM.o
 .debug_aranges
                0x0000000000000040       0x20 driver.o
 .debug_aranges
                0x0000000000000060       0x20 main.o
 .debug_aranges
                0x0000000000000080       0x20 MAL.o
 .debug_aranges
                0x00000000000000a0       0x20 PS.o
 .debug_aranges
                0x00000000000000c0       0x20 startup.o

.debug_line     0x0000000000000000      0xd10
 .debug_line    0x0000000000000000      0x1ee AA.o
 .debug_line    0x00000000000001ee      0x1ea AM.o
 .debug_line    0x00000000000003d8      0x2ca driver.o
 .debug_line    0x00000000000006a2      0x21a main.o
 .debug_line    0x00000000000008bc      0x1f4 MAL.o
 .debug_line    0x0000000000000ab0      0x1e5 PS.o
 .debug_line    0x0000000000000c95       0x7b startup.o

.debug_str      0x0000000000000000      0x70f
 .debug_str     0x0000000000000000      0x536 AA.o
                                        0x5a9 (size before relaxing)
 .debug_str     0x0000000000000536       0x54 AM.o
                                        0x58a (size before relaxing)
 .debug_str     0x000000000000058a       0x57 driver.o
                                        0x581 (size before relaxing)
 .debug_str     0x00000000000005e1       0x45 main.o
                                        0x600 (size before relaxing)
 .debug_str     0x0000000000000626       0x30 MAL.o
                                        0x583 (size before relaxing)
 .debug_str     0x0000000000000656       0x2f PS.o
                                        0x588 (size before relaxing)
 .debug_str     0x0000000000000685       0x8a startup.o
                                        0x1c3 (size before relaxing)

.comment        0x0000000000000000       0x7b
 .comment       0x0000000000000000       0x7b AA.o
                                         0x7c (size before relaxing)
 .comment       0x000000000000007b       0x7c AM.o
 .comment       0x000000000000007b       0x7c driver.o
 .comment       0x000000000000007b       0x7c main.o
 .comment       0x000000000000007b       0x7c MAL.o
 .comment       0x000000000000007b       0x7c PS.o
 .comment       0x000000000000007b       0x7c startup.o

.ARM.attributes
                0x0000000000000000       0x33
 .ARM.attributes
                0x0000000000000000       0x33 AA.o
 .ARM.attributes
                0x0000000000000033       0x33 AM.o
 .ARM.attributes
                0x0000000000000066       0x33 driver.o
 .ARM.attributes
                0x0000000000000099       0x33 main.o
 .ARM.attributes
                0x00000000000000cc       0x33 MAL.o
 .ARM.attributes
                0x00000000000000ff       0x33 PS.o
 .ARM.attributes
                0x0000000000000132       0x33 startup.o

.debug_frame    0x0000000000000000      0x33c
 .debug_frame   0x0000000000000000       0xc8 AA.o
 .debug_frame   0x00000000000000c8       0x84 AM.o
 .debug_frame   0x000000000000014c       0xa0 driver.o
 .debug_frame   0x00000000000001ec       0x48 main.o
 .debug_frame   0x0000000000000234       0x4c MAL.o
 .debug_frame   0x0000000000000280       0x6c PS.o
 .debug_frame   0x00000000000002ec       0x50 startup.o
