Stm32_F103C6_EXTI_drivers.c:27:6:ENABLE_NVIC	16	static
Stm32_F103C6_EXTI_drivers.c:67:6:DISABLE_NVIC	16	static
Stm32_F103C6_EXTI_drivers.c:109:7:Update_EXTI	24	static
Stm32_F103C6_EXTI_drivers.c:189:7:MCAL_EXTI_GPIO_DeInit	4	static
Stm32_F103C6_EXTI_drivers.c:221:7:MCAL_EXTI_GPIO_Init	16	static
Stm32_F103C6_EXTI_drivers.c:237:7:MCAL_EXTI_GPIO_Update	16	static
Stm32_F103C6_EXTI_drivers.c:254:7:EXTI0_IRQHandler	8	static
Stm32_F103C6_EXTI_drivers.c:260:7:EXTI1_IRQHandler	8	static
Stm32_F103C6_EXTI_drivers.c:268:7:EXTI2_IRQHandler	8	static
Stm32_F103C6_EXTI_drivers.c:275:7:EXTI3_IRQHandler	8	static
Stm32_F103C6_EXTI_drivers.c:283:7:EXTI4_IRQHandler	8	static
Stm32_F103C6_EXTI_drivers.c:290:7:EXTI9_5_IRQHandler	8	static
Stm32_F103C6_EXTI_drivers.c:306:7:EXTI15_10_IRQHandler	8	static
