
Memory Configuration

Name             Origin             Length             Attributes
flash            0x0000000000000000 0x0000000020000000 xr
sram             0x0000000020000000 0x0000000020000000 xrw
*default*        0x0000000000000000 0xffffffffffffffff

Linker script and memory map


.text           0x0000000000000000      0x144
 *(.vectors*)
 .vectors       0x0000000000000000       0x1c startup.o
                0x0000000000000000                vectors
 *(.text)
 .text          0x000000000000001c       0x98 main.o
                0x000000000000001c                main
 .text          0x00000000000000b4       0x90 startup.o
                0x00000000000000b4                reset_handler
                0x0000000000000138                default_handler
                0x0000000000000138                Usage_fault_handler
                0x0000000000000138                MM_fault_handler
                0x0000000000000138                H_fault_handler
                0x0000000000000138                MNI_handler
                0x0000000000000138                Bus_fault_handler
 *(.rodata)
                0x0000000000000144                _E_text = .

.glue_7         0x0000000000000144        0x0
 .glue_7        0x0000000000000144        0x0 linker stubs

.glue_7t        0x0000000000000144        0x0
 .glue_7t       0x0000000000000144        0x0 linker stubs

.vfp11_veneer   0x0000000000000144        0x0
 .vfp11_veneer  0x0000000000000144        0x0 linker stubs

.v4_bx          0x0000000000000144        0x0
 .v4_bx         0x0000000000000144        0x0 linker stubs

.iplt           0x0000000000000144        0x0
 .iplt          0x0000000000000144        0x0 main.o

.rel.dyn        0x0000000000000144        0x0
 .rel.iplt      0x0000000000000144        0x0 main.o

.data           0x0000000020000000        0x0 load address 0x0000000000000144
                0x0000000020000000                _S_DATA = .
 *(.data)
 .data          0x0000000020000000        0x0 main.o
 .data          0x0000000020000000        0x0 startup.o
                0x0000000020000000                . = ALIGN (0x4)
                0x0000000020000000                _E_DATA = .

.igot.plt       0x0000000020000000        0x0 load address 0x0000000000000144
 .igot.plt      0x0000000020000000        0x0 main.o

.bss            0x0000000020000000      0x400 load address 0x0000000000000144
                0x0000000020000000                _S_BSS = .
 *(.bss)
 .bss           0x0000000020000000        0x0 main.o
 .bss           0x0000000020000000      0x400 startup.o
                0x0000000020000400                _E_BSS = .
LOAD main.o
LOAD startup.o
OUTPUT(Unit3_lab4_cortexM4.elf elf32-littlearm)

.debug_info     0x0000000000000000      0xe1d
 .debug_info    0x0000000000000000      0xc6b main.o
 .debug_info    0x0000000000000c6b      0x1b2 startup.o

.debug_abbrev   0x0000000000000000      0x2af
 .debug_abbrev  0x0000000000000000      0x1cb main.o
 .debug_abbrev  0x00000000000001cb       0xe4 startup.o

.debug_loc      0x0000000000000000       0xb4
 .debug_loc     0x0000000000000000       0x38 main.o
 .debug_loc     0x0000000000000038       0x7c startup.o

.debug_aranges  0x0000000000000000       0x40
 .debug_aranges
                0x0000000000000000       0x20 main.o
 .debug_aranges
                0x0000000000000020       0x20 startup.o

.debug_line     0x0000000000000000      0x34f
 .debug_line    0x0000000000000000      0x2d4 main.o
 .debug_line    0x00000000000002d4       0x7b startup.o

.debug_str      0x0000000000000000      0x637
 .debug_str     0x0000000000000000      0x5b4 main.o
                                        0x612 (size before relaxing)
 .debug_str     0x00000000000005b4       0x83 startup.o
                                        0x1c5 (size before relaxing)

.comment        0x0000000000000000       0x7b
 .comment       0x0000000000000000       0x7b main.o
                                         0x7c (size before relaxing)
 .comment       0x000000000000007b       0x7c startup.o

.ARM.attributes
                0x0000000000000000       0x33
 .ARM.attributes
                0x0000000000000000       0x33 main.o
 .ARM.attributes
                0x0000000000000033       0x33 startup.o

.debug_frame    0x0000000000000000       0x7c
 .debug_frame   0x0000000000000000       0x2c main.o
 .debug_frame   0x000000000000002c       0x50 startup.o
