Archive member included to satisfy reference by file (symbol)

c:/program files (x86)/atmel/studio/7.0/toolchain/avr8/avr8-gnu-toolchain/bin/../lib/gcc/avr/5.4.0/avr5\libgcc.a(_exit.o)
                              C:/Program Files (x86)/Atmel/Studio/7.0/Packs/atmel/ATmega_DFP/1.6.364/gcc/dev/atmega32/avr5/crtatmega32.o (exit)
c:/program files (x86)/atmel/studio/7.0/toolchain/avr8/avr8-gnu-toolchain/bin/../lib/gcc/avr/5.4.0/avr5\libgcc.a(_copy_data.o)
                              HAL/KEYPAD.o (__do_copy_data)

Discarded input sections

 .data          0x00000000        0x0 C:/Program Files (x86)/Atmel/Studio/7.0/Packs/atmel/ATmega_DFP/1.6.364/gcc/dev/atmega32/avr5/crtatmega32.o
 .bss           0x00000000        0x0 C:/Program Files (x86)/Atmel/Studio/7.0/Packs/atmel/ATmega_DFP/1.6.364/gcc/dev/atmega32/avr5/crtatmega32.o
 .group         0x00000000        0x8 HAL/KEYPAD.o
 .group         0x00000000        0x8 HAL/KEYPAD.o
 .group         0x00000000        0x8 HAL/KEYPAD.o
 .group         0x00000000        0x8 HAL/KEYPAD.o
 .group         0x00000000        0x8 HAL/KEYPAD.o
 .group         0x00000000        0x8 HAL/KEYPAD.o
 .group         0x00000000        0x8 HAL/KEYPAD.o
 .group         0x00000000        0x8 HAL/KEYPAD.o
 .group         0x00000000        0x8 HAL/KEYPAD.o
 .group         0x00000000        0x8 HAL/KEYPAD.o
 .group         0x00000000        0x8 HAL/KEYPAD.o
 .group         0x00000000        0x8 HAL/KEYPAD.o
 .group         0x00000000        0x8 HAL/KEYPAD.o
 .text          0x00000000        0x0 HAL/KEYPAD.o
 .data          0x00000000        0x0 HAL/KEYPAD.o
 .bss           0x00000000        0x0 HAL/KEYPAD.o
 .text.KEYPAD_INIT
                0x00000000       0xe8 HAL/KEYPAD.o
 .text.KEYPAD_GETCHAR
                0x00000000      0x1b6 HAL/KEYPAD.o
 .data.KEYPAD_COLUM
                0x00000000        0x4 HAL/KEYPAD.o
 .data.KEYPAD_ROW
                0x00000000        0x4 HAL/KEYPAD.o
 .debug_info    0x00000000      0x3f2 HAL/KEYPAD.o
 .debug_abbrev  0x00000000      0x105 HAL/KEYPAD.o
 .debug_loc     0x00000000      0x194 HAL/KEYPAD.o
 .debug_aranges
                0x00000000       0x28 HAL/KEYPAD.o
 .debug_ranges  0x00000000       0x18 HAL/KEYPAD.o
 .debug_macro   0x00000000       0x9d HAL/KEYPAD.o
 .debug_macro   0x00000000      0xa4e HAL/KEYPAD.o
 .debug_macro   0x00000000      0x1c9 HAL/KEYPAD.o
 .debug_macro   0x00000000      0x2fc HAL/KEYPAD.o
 .debug_macro   0x00000000       0x58 HAL/KEYPAD.o
 .debug_macro   0x00000000       0x10 HAL/KEYPAD.o
 .debug_macro   0x00000000       0x97 HAL/KEYPAD.o
 .debug_macro   0x00000000       0xf2 HAL/KEYPAD.o
 .debug_macro   0x00000000       0x1c HAL/KEYPAD.o
 .debug_macro   0x00000000       0x97 HAL/KEYPAD.o
 .debug_macro   0x00000000       0x66 HAL/KEYPAD.o
 .debug_macro   0x00000000       0x9a HAL/KEYPAD.o
 .debug_macro   0x00000000       0x52 HAL/KEYPAD.o
 .debug_macro   0x00000000       0x3a HAL/KEYPAD.o
 .debug_line    0x00000000      0x37c HAL/KEYPAD.o
 .debug_str     0x00000000     0x46a7 HAL/KEYPAD.o
 .comment       0x00000000       0x31 HAL/KEYPAD.o
 .debug_frame   0x00000000       0x88 HAL/KEYPAD.o
 .group         0x00000000        0x8 HAL/LCD.o
 .group         0x00000000        0x8 HAL/LCD.o
 .group         0x00000000        0x8 HAL/LCD.o
 .group         0x00000000        0x8 HAL/LCD.o
 .group         0x00000000        0x8 HAL/LCD.o
 .group         0x00000000        0x8 HAL/LCD.o
 .group         0x00000000        0x8 HAL/LCD.o
 .group         0x00000000        0x8 HAL/LCD.o
 .group         0x00000000        0x8 HAL/LCD.o
 .group         0x00000000        0x8 HAL/LCD.o
 .group         0x00000000        0x8 HAL/LCD.o
 .group         0x00000000        0x8 HAL/LCD.o
 .group         0x00000000        0x8 HAL/LCD.o
 .group         0x00000000        0x8 HAL/LCD.o
 .group         0x00000000        0x8 HAL/LCD.o
 .group         0x00000000        0x8 HAL/LCD.o
 .text          0x00000000        0x0 HAL/LCD.o
 .data          0x00000000        0x0 HAL/LCD.o
 .bss           0x00000000        0x0 HAL/LCD.o
 .text.LCD_CRUSOR_GOTO_XY
                0x00000000       0x1c HAL/LCD.o
 .debug_macro   0x00000000      0xa4e HAL/LCD.o
 .debug_macro   0x00000000      0x1c9 HAL/LCD.o
 .debug_macro   0x00000000      0x2fc HAL/LCD.o
 .debug_macro   0x00000000       0x58 HAL/LCD.o
 .debug_macro   0x00000000       0x10 HAL/LCD.o
 .debug_macro   0x00000000       0x97 HAL/LCD.o
 .debug_macro   0x00000000       0xf2 HAL/LCD.o
 .debug_macro   0x00000000       0x1c HAL/LCD.o
 .debug_macro   0x00000000       0x97 HAL/LCD.o
 .debug_macro   0x00000000       0x9a HAL/LCD.o
 .debug_macro   0x00000000       0x52 HAL/LCD.o
 .group         0x00000000        0x8 MCAL/GPIO..o
 .group         0x00000000        0x8 MCAL/GPIO..o
 .group         0x00000000        0x8 MCAL/GPIO..o
 .group         0x00000000        0x8 MCAL/GPIO..o
 .group         0x00000000        0x8 MCAL/GPIO..o
 .group         0x00000000        0x8 MCAL/GPIO..o
 .group         0x00000000        0x8 MCAL/GPIO..o
 .group         0x00000000        0x8 MCAL/GPIO..o
 .group         0x00000000        0x8 MCAL/GPIO..o
 .group         0x00000000        0x8 MCAL/GPIO..o
 .group         0x00000000        0x8 MCAL/GPIO..o
 .group         0x00000000        0x8 MCAL/GPIO..o
 .text          0x00000000        0x0 MCAL/GPIO..o
 .data          0x00000000        0x0 MCAL/GPIO..o
 .bss           0x00000000        0x0 MCAL/GPIO..o
 .text.MCAL_GPIO_DeInit
                0x00000000        0xe MCAL/GPIO..o
 .text.MCAL_READPin
                0x00000000       0x10 MCAL/GPIO..o
 .text.MCAL_READPort
                0x00000000        0xa MCAL/GPIO..o
 .text.MCAL_TogglePin
                0x00000000        0xa MCAL/GPIO..o
 .debug_macro   0x00000000      0xa4e MCAL/GPIO..o
 .debug_macro   0x00000000      0x1c9 MCAL/GPIO..o
 .debug_macro   0x00000000      0x2fc MCAL/GPIO..o
 .debug_macro   0x00000000       0x58 MCAL/GPIO..o
 .debug_macro   0x00000000       0x10 MCAL/GPIO..o
 .debug_macro   0x00000000       0x97 MCAL/GPIO..o
 .debug_macro   0x00000000       0xf2 MCAL/GPIO..o
 .debug_macro   0x00000000       0x1c MCAL/GPIO..o
 .debug_macro   0x00000000       0x97 MCAL/GPIO..o
 .debug_macro   0x00000000       0x66 MCAL/GPIO..o
 .debug_macro   0x00000000       0x9a MCAL/GPIO..o
 .debug_macro   0x00000000       0x52 MCAL/GPIO..o
 .group         0x00000000        0x8 MCAL/UART.o
 .group         0x00000000        0x8 MCAL/UART.o
 .group         0x00000000        0x8 MCAL/UART.o
 .group         0x00000000        0x8 MCAL/UART.o
 .group         0x00000000        0x8 MCAL/UART.o
 .group         0x00000000        0x8 MCAL/UART.o
 .group         0x00000000        0x8 MCAL/UART.o
 .group         0x00000000        0x8 MCAL/UART.o
 .group         0x00000000        0x8 MCAL/UART.o
 .group         0x00000000        0x8 MCAL/UART.o
 .group         0x00000000        0x8 MCAL/UART.o
 .group         0x00000000        0x8 MCAL/UART.o
 .group         0x00000000        0x8 MCAL/UART.o
 .text          0x00000000        0x0 MCAL/UART.o
 .data          0x00000000        0x0 MCAL/UART.o
 .bss           0x00000000        0x0 MCAL/UART.o
 .text.UART_Send_Number
                0x00000000       0x4a MCAL/UART.o
 .text.Uart_Recieve_Nummber
                0x00000000       0x3a MCAL/UART.o
 .debug_macro   0x00000000      0xa4e MCAL/UART.o
 .debug_macro   0x00000000      0x1c9 MCAL/UART.o
 .debug_macro   0x00000000      0x2fc MCAL/UART.o
 .debug_macro   0x00000000       0x58 MCAL/UART.o
 .debug_macro   0x00000000       0x10 MCAL/UART.o
 .debug_macro   0x00000000       0x97 MCAL/UART.o
 .debug_macro   0x00000000       0xf2 MCAL/UART.o
 .debug_macro   0x00000000       0x1c MCAL/UART.o
 .debug_macro   0x00000000       0x97 MCAL/UART.o
 .debug_macro   0x00000000       0x66 MCAL/UART.o
 .debug_macro   0x00000000       0x9a MCAL/UART.o
 .group         0x00000000        0x8 src/ASF/mega/boards/stk600/rcx_x/init.o
 .group         0x00000000        0x8 src/ASF/mega/boards/stk600/rcx_x/init.o
 .group         0x00000000        0x8 src/ASF/mega/boards/stk600/rcx_x/init.o
 .group         0x00000000        0x8 src/ASF/mega/boards/stk600/rcx_x/init.o
 .group         0x00000000        0x8 src/ASF/mega/boards/stk600/rcx_x/init.o
 .group         0x00000000        0x8 src/ASF/mega/boards/stk600/rcx_x/init.o
 .group         0x00000000        0x8 src/ASF/mega/boards/stk600/rcx_x/init.o
 .group         0x00000000        0x8 src/ASF/mega/boards/stk600/rcx_x/init.o
 .group         0x00000000        0x8 src/ASF/mega/boards/stk600/rcx_x/init.o
 .group         0x00000000        0x8 src/ASF/mega/boards/stk600/rcx_x/init.o
 .group         0x00000000        0x8 src/ASF/mega/boards/stk600/rcx_x/init.o
 .group         0x00000000        0x8 src/ASF/mega/boards/stk600/rcx_x/init.o
 .group         0x00000000        0x8 src/ASF/mega/boards/stk600/rcx_x/init.o
 .group         0x00000000        0x8 src/ASF/mega/boards/stk600/rcx_x/init.o
 .group         0x00000000        0x8 src/ASF/mega/boards/stk600/rcx_x/init.o
 .group         0x00000000        0x8 src/ASF/mega/boards/stk600/rcx_x/init.o
 .group         0x00000000        0x8 src/ASF/mega/boards/stk600/rcx_x/init.o
 .group         0x00000000        0x8 src/ASF/mega/boards/stk600/rcx_x/init.o
 .group         0x00000000        0x8 src/ASF/mega/boards/stk600/rcx_x/init.o
 .group         0x00000000        0x8 src/ASF/mega/boards/stk600/rcx_x/init.o
 .group         0x00000000        0x8 src/ASF/mega/boards/stk600/rcx_x/init.o
 .group         0x00000000        0x8 src/ASF/mega/boards/stk600/rcx_x/init.o
 .group         0x00000000        0x8 src/ASF/mega/boards/stk600/rcx_x/init.o
 .group         0x00000000        0x8 src/ASF/mega/boards/stk600/rcx_x/init.o
 .group         0x00000000        0x8 src/ASF/mega/boards/stk600/rcx_x/init.o
 .text          0x00000000        0x0 src/ASF/mega/boards/stk600/rcx_x/init.o
 .data          0x00000000        0x0 src/ASF/mega/boards/stk600/rcx_x/init.o
 .bss           0x00000000        0x0 src/ASF/mega/boards/stk600/rcx_x/init.o
 .text.board_init
                0x00000000        0x2 src/ASF/mega/boards/stk600/rcx_x/init.o
 .debug_info    0x00000000       0x7c src/ASF/mega/boards/stk600/rcx_x/init.o
 .debug_abbrev  0x00000000       0x47 src/ASF/mega/boards/stk600/rcx_x/init.o
 .debug_aranges
                0x00000000       0x20 src/ASF/mega/boards/stk600/rcx_x/init.o
 .debug_ranges  0x00000000       0x10 src/ASF/mega/boards/stk600/rcx_x/init.o
 .debug_macro   0x00000000      0x134 src/ASF/mega/boards/stk600/rcx_x/init.o
 .debug_macro   0x00000000      0xa4e src/ASF/mega/boards/stk600/rcx_x/init.o
 .debug_macro   0x00000000       0x10 src/ASF/mega/boards/stk600/rcx_x/init.o
 .debug_macro   0x00000000      0x1c9 src/ASF/mega/boards/stk600/rcx_x/init.o
 .debug_macro   0x00000000      0x2fc src/ASF/mega/boards/stk600/rcx_x/init.o
 .debug_macro   0x00000000       0x9e src/ASF/mega/boards/stk600/rcx_x/init.o
 .debug_macro   0x00000000      0xc24 src/ASF/mega/boards/stk600/rcx_x/init.o
 .debug_macro   0x00000000      0x170 src/ASF/mega/boards/stk600/rcx_x/init.o
 .debug_macro   0x00000000       0xbd src/ASF/mega/boards/stk600/rcx_x/init.o
 .debug_macro   0x00000000       0x34 src/ASF/mega/boards/stk600/rcx_x/init.o
 .debug_macro   0x00000000       0x18 src/ASF/mega/boards/stk600/rcx_x/init.o
 .debug_macro   0x00000000       0x6c src/ASF/mega/boards/stk600/rcx_x/init.o
 .debug_macro   0x00000000       0x22 src/ASF/mega/boards/stk600/rcx_x/init.o
 .debug_macro   0x00000000      0x16d src/ASF/mega/boards/stk600/rcx_x/init.o
 .debug_macro   0x00000000       0x1c src/ASF/mega/boards/stk600/rcx_x/init.o
 .debug_macro   0x00000000       0x35 src/ASF/mega/boards/stk600/rcx_x/init.o
 .debug_macro   0x00000000       0x66 src/ASF/mega/boards/stk600/rcx_x/init.o
 .debug_macro   0x00000000      0x71d src/ASF/mega/boards/stk600/rcx_x/init.o
 .debug_macro   0x00000000       0x43 src/ASF/mega/boards/stk600/rcx_x/init.o
 .debug_macro   0x00000000       0x69 src/ASF/mega/boards/stk600/rcx_x/init.o
 .debug_macro   0x00000000       0x2b src/ASF/mega/boards/stk600/rcx_x/init.o
 .debug_macro   0x00000000       0x10 src/ASF/mega/boards/stk600/rcx_x/init.o
 .debug_macro   0x00000000       0xe2 src/ASF/mega/boards/stk600/rcx_x/init.o
 .debug_macro   0x00000000       0x40 src/ASF/mega/boards/stk600/rcx_x/init.o
 .debug_macro   0x00000000      0x100 src/ASF/mega/boards/stk600/rcx_x/init.o
 .debug_macro   0x00000000      0x2d9 src/ASF/mega/boards/stk600/rcx_x/init.o
 .debug_line    0x00000000      0x35e src/ASF/mega/boards/stk600/rcx_x/init.o
 .debug_str     0x00000000     0xf6b6 src/ASF/mega/boards/stk600/rcx_x/init.o
 .comment       0x00000000       0x31 src/ASF/mega/boards/stk600/rcx_x/init.o
 .debug_frame   0x00000000       0x24 src/ASF/mega/boards/stk600/rcx_x/init.o
 .group         0x00000000        0x8 src/main.o
 .group         0x00000000        0x8 src/main.o
 .group         0x00000000        0x8 src/main.o
 .group         0x00000000        0x8 src/main.o
 .group         0x00000000        0x8 src/main.o
 .group         0x00000000        0x8 src/main.o
 .group         0x00000000        0x8 src/main.o
 .group         0x00000000        0x8 src/main.o
 .group         0x00000000        0x8 src/main.o
 .group         0x00000000        0x8 src/main.o
 .group         0x00000000        0x8 src/main.o
 .group         0x00000000        0x8 src/main.o
 .group         0x00000000        0x8 src/main.o
 .group         0x00000000        0x8 src/main.o
 .group         0x00000000        0x8 src/main.o
 .group         0x00000000        0x8 src/main.o
 .group         0x00000000        0x8 src/main.o
 .group         0x00000000        0x8 src/main.o
 .group         0x00000000        0x8 src/main.o
 .text          0x00000000        0x0 src/main.o
 .data          0x00000000        0x0 src/main.o
 .bss           0x00000000        0x0 src/main.o
 .debug_macro   0x00000000      0xa4e src/main.o
 .debug_macro   0x00000000      0x1c9 src/main.o
 .debug_macro   0x00000000      0x2fc src/main.o
 .debug_macro   0x00000000       0x58 src/main.o
 .debug_macro   0x00000000       0x10 src/main.o
 .debug_macro   0x00000000       0x97 src/main.o
 .debug_macro   0x00000000       0xf2 src/main.o
 .debug_macro   0x00000000       0x1c src/main.o
 .debug_macro   0x00000000       0x97 src/main.o
 .debug_macro   0x00000000       0x66 src/main.o
 .debug_macro   0x00000000       0x9a src/main.o
 .debug_macro   0x00000000       0x52 src/main.o
 .debug_macro   0x00000000       0x10 src/main.o
 .debug_macro   0x00000000       0x10 src/main.o
 .debug_macro   0x00000000       0x94 src/main.o
 .debug_macro   0x00000000       0x16 src/main.o
 .debug_macro   0x00000000       0x20 src/main.o
 .text          0x00000000        0x0 c:/program files (x86)/atmel/studio/7.0/toolchain/avr8/avr8-gnu-toolchain/bin/../lib/gcc/avr/5.4.0/avr5\libgcc.a(_exit.o)
 .data          0x00000000        0x0 c:/program files (x86)/atmel/studio/7.0/toolchain/avr8/avr8-gnu-toolchain/bin/../lib/gcc/avr/5.4.0/avr5\libgcc.a(_exit.o)
 .bss           0x00000000        0x0 c:/program files (x86)/atmel/studio/7.0/toolchain/avr8/avr8-gnu-toolchain/bin/../lib/gcc/avr/5.4.0/avr5\libgcc.a(_exit.o)
 .text.libgcc.mul
                0x00000000        0x0 c:/program files (x86)/atmel/studio/7.0/toolchain/avr8/avr8-gnu-toolchain/bin/../lib/gcc/avr/5.4.0/avr5\libgcc.a(_exit.o)
 .text.libgcc.div
                0x00000000        0x0 c:/program files (x86)/atmel/studio/7.0/toolchain/avr8/avr8-gnu-toolchain/bin/../lib/gcc/avr/5.4.0/avr5\libgcc.a(_exit.o)
 .text.libgcc   0x00000000        0x0 c:/program files (x86)/atmel/studio/7.0/toolchain/avr8/avr8-gnu-toolchain/bin/../lib/gcc/avr/5.4.0/avr5\libgcc.a(_exit.o)
 .text.libgcc.prologue
                0x00000000        0x0 c:/program files (x86)/atmel/studio/7.0/toolchain/avr8/avr8-gnu-toolchain/bin/../lib/gcc/avr/5.4.0/avr5\libgcc.a(_exit.o)
 .text.libgcc.builtins
                0x00000000        0x0 c:/program files (x86)/atmel/studio/7.0/toolchain/avr8/avr8-gnu-toolchain/bin/../lib/gcc/avr/5.4.0/avr5\libgcc.a(_exit.o)
 .text.libgcc.fmul
                0x00000000        0x0 c:/program files (x86)/atmel/studio/7.0/toolchain/avr8/avr8-gnu-toolchain/bin/../lib/gcc/avr/5.4.0/avr5\libgcc.a(_exit.o)
 .text.libgcc.fixed
                0x00000000        0x0 c:/program files (x86)/atmel/studio/7.0/toolchain/avr8/avr8-gnu-toolchain/bin/../lib/gcc/avr/5.4.0/avr5\libgcc.a(_exit.o)
 .text          0x00000000        0x0 c:/program files (x86)/atmel/studio/7.0/toolchain/avr8/avr8-gnu-toolchain/bin/../lib/gcc/avr/5.4.0/avr5\libgcc.a(_copy_data.o)
 .data          0x00000000        0x0 c:/program files (x86)/atmel/studio/7.0/toolchain/avr8/avr8-gnu-toolchain/bin/../lib/gcc/avr/5.4.0/avr5\libgcc.a(_copy_data.o)
 .bss           0x00000000        0x0 c:/program files (x86)/atmel/studio/7.0/toolchain/avr8/avr8-gnu-toolchain/bin/../lib/gcc/avr/5.4.0/avr5\libgcc.a(_copy_data.o)
 .text.libgcc.mul
                0x00000000        0x0 c:/program files (x86)/atmel/studio/7.0/toolchain/avr8/avr8-gnu-toolchain/bin/../lib/gcc/avr/5.4.0/avr5\libgcc.a(_copy_data.o)
 .text.libgcc.div
                0x00000000        0x0 c:/program files (x86)/atmel/studio/7.0/toolchain/avr8/avr8-gnu-toolchain/bin/../lib/gcc/avr/5.4.0/avr5\libgcc.a(_copy_data.o)
 .text.libgcc   0x00000000        0x0 c:/program files (x86)/atmel/studio/7.0/toolchain/avr8/avr8-gnu-toolchain/bin/../lib/gcc/avr/5.4.0/avr5\libgcc.a(_copy_data.o)
 .text.libgcc.prologue
                0x00000000        0x0 c:/program files (x86)/atmel/studio/7.0/toolchain/avr8/avr8-gnu-toolchain/bin/../lib/gcc/avr/5.4.0/avr5\libgcc.a(_copy_data.o)
 .text.libgcc.builtins
                0x00000000        0x0 c:/program files (x86)/atmel/studio/7.0/toolchain/avr8/avr8-gnu-toolchain/bin/../lib/gcc/avr/5.4.0/avr5\libgcc.a(_copy_data.o)
 .text.libgcc.fmul
                0x00000000        0x0 c:/program files (x86)/atmel/studio/7.0/toolchain/avr8/avr8-gnu-toolchain/bin/../lib/gcc/avr/5.4.0/avr5\libgcc.a(_copy_data.o)
 .text.libgcc.fixed
                0x00000000        0x0 c:/program files (x86)/atmel/studio/7.0/toolchain/avr8/avr8-gnu-toolchain/bin/../lib/gcc/avr/5.4.0/avr5\libgcc.a(_copy_data.o)

Memory Configuration

Name             Origin             Length             Attributes
text             0x00000000         0x00008000         xr
data             0x00800060         0x00000800         rw !x
eeprom           0x00810000         0x00000400         rw !x
fuse             0x00820000         0x00000002         rw !x
lock             0x00830000         0x00000400         rw !x
signature        0x00840000         0x00000400         rw !x
user_signatures  0x00850000         0x00000400         rw !x
*default*        0x00000000         0xffffffff

Linker script and memory map

LOAD C:/Program Files (x86)/Atmel/Studio/7.0/Packs/atmel/ATmega_DFP/1.6.364/gcc/dev/atmega32/avr5/crtatmega32.o
LOAD HAL/KEYPAD.o
LOAD HAL/LCD.o
LOAD MCAL/GPIO..o
LOAD MCAL/UART.o
LOAD src/ASF/mega/boards/stk600/rcx_x/init.o
LOAD src/main.o
START GROUP
LOAD c:/program files (x86)/atmel/studio/7.0/toolchain/avr8/avr8-gnu-toolchain/bin/../lib/gcc/avr/5.4.0/../../../../avr/lib/avr5\libm.a
END GROUP
START GROUP
LOAD c:/program files (x86)/atmel/studio/7.0/toolchain/avr8/avr8-gnu-toolchain/bin/../lib/gcc/avr/5.4.0/avr5\libgcc.a
LOAD c:/program files (x86)/atmel/studio/7.0/toolchain/avr8/avr8-gnu-toolchain/bin/../lib/gcc/avr/5.4.0/../../../../avr/lib/avr5\libm.a
LOAD c:/program files (x86)/atmel/studio/7.0/toolchain/avr8/avr8-gnu-toolchain/bin/../lib/gcc/avr/5.4.0/../../../../avr/lib/avr5\libc.a
LOAD C:/Program Files (x86)/Atmel/Studio/7.0/Packs/atmel/ATmega_DFP/1.6.364/gcc/dev/atmega32/avr5\libatmega32.a
END GROUP
                0x00000000                __TEXT_REGION_ORIGIN__ = DEFINED (__TEXT_REGION_ORIGIN__)?__TEXT_REGION_ORIGIN__:0x0
                [0x00800060]                __DATA_REGION_ORIGIN__ = DEFINED (__DATA_REGION_ORIGIN__)?__DATA_REGION_ORIGIN__:0x800060
                [0x00008000]                __TEXT_REGION_LENGTH__ = DEFINED (__TEXT_REGION_LENGTH__)?__TEXT_REGION_LENGTH__:0x20000
                [0x00000800]                __DATA_REGION_LENGTH__ = DEFINED (__DATA_REGION_LENGTH__)?__DATA_REGION_LENGTH__:0xffa0
                [0x00000400]                __EEPROM_REGION_LENGTH__ = DEFINED (__EEPROM_REGION_LENGTH__)?__EEPROM_REGION_LENGTH__:0x10000
                [0x00000002]                __FUSE_REGION_LENGTH__ = DEFINED (__FUSE_REGION_LENGTH__)?__FUSE_REGION_LENGTH__:0x400
                0x00000400                __LOCK_REGION_LENGTH__ = DEFINED (__LOCK_REGION_LENGTH__)?__LOCK_REGION_LENGTH__:0x400
                0x00000400                __SIGNATURE_REGION_LENGTH__ = DEFINED (__SIGNATURE_REGION_LENGTH__)?__SIGNATURE_REGION_LENGTH__:0x400
                0x00000400                __USER_SIGNATURE_REGION_LENGTH__ = DEFINED (__USER_SIGNATURE_REGION_LENGTH__)?__USER_SIGNATURE_REGION_LENGTH__:0x400

.hash
 *(.hash)

.dynsym
 *(.dynsym)

.dynstr
 *(.dynstr)

.gnu.version
 *(.gnu.version)

.gnu.version_d
 *(.gnu.version_d)

.gnu.version_r
 *(.gnu.version_r)

.rel.init
 *(.rel.init)

.rela.init
 *(.rela.init)

.rel.text
 *(.rel.text)
 *(.rel.text.*)
 *(.rel.gnu.linkonce.t*)

.rela.text
 *(.rela.text)
 *(.rela.text.*)
 *(.rela.gnu.linkonce.t*)

.rel.fini
 *(.rel.fini)

.rela.fini
 *(.rela.fini)

.rel.rodata
 *(.rel.rodata)
 *(.rel.rodata.*)
 *(.rel.gnu.linkonce.r*)

.rela.rodata
 *(.rela.rodata)
 *(.rela.rodata.*)
 *(.rela.gnu.linkonce.r*)

.rel.data
 *(.rel.data)
 *(.rel.data.*)
 *(.rel.gnu.linkonce.d*)

.rela.data
 *(.rela.data)
 *(.rela.data.*)
 *(.rela.gnu.linkonce.d*)

.rel.ctors
 *(.rel.ctors)

.rela.ctors
 *(.rela.ctors)

.rel.dtors
 *(.rel.dtors)

.rela.dtors
 *(.rela.dtors)

.rel.got
 *(.rel.got)

.rela.got
 *(.rela.got)

.rel.bss
 *(.rel.bss)

.rela.bss
 *(.rela.bss)

.rel.plt
 *(.rel.plt)

.rela.plt
 *(.rela.plt)

.text           0x00000000      0x480
 *(.vectors)
 .vectors       0x00000000       0x54 C:/Program Files (x86)/Atmel/Studio/7.0/Packs/atmel/ATmega_DFP/1.6.364/gcc/dev/atmega32/avr5/crtatmega32.o
                0x00000000                __vector_default
                0x00000000                __vectors
 *(.vectors)
 *(.progmem.gcc*)
                0x00000054                . = ALIGN (0x2)
                0x00000054                __trampolines_start = .
 *(.trampolines)
 .trampolines   0x00000054        0x0 linker stubs
 *(.trampolines*)
                0x00000054                __trampolines_end = .
 *libprintf_flt.a:*(.progmem.data)
 *libc.a:*(.progmem.data)
 *(.progmem*)
                0x00000054                . = ALIGN (0x2)
 *(.jumptables)
 *(.jumptables*)
 *(.lowtext)
 *(.lowtext*)
                0x00000054                __ctors_start = .
 *(.ctors)
                0x00000054                __ctors_end = .
                0x00000054                __dtors_start = .
 *(.dtors)
                0x00000054                __dtors_end = .
 SORT(*)(.ctors)
 SORT(*)(.dtors)
 *(.init0)
 .init0         0x00000054        0x0 C:/Program Files (x86)/Atmel/Studio/7.0/Packs/atmel/ATmega_DFP/1.6.364/gcc/dev/atmega32/avr5/crtatmega32.o
                0x00000054                __init
 *(.init0)
 *(.init1)
 *(.init1)
 *(.init2)
 .init2         0x00000054        0xc C:/Program Files (x86)/Atmel/Studio/7.0/Packs/atmel/ATmega_DFP/1.6.364/gcc/dev/atmega32/avr5/crtatmega32.o
 *(.init2)
 *(.init3)
 *(.init3)
 *(.init4)
 .init4         0x00000060       0x16 c:/program files (x86)/atmel/studio/7.0/toolchain/avr8/avr8-gnu-toolchain/bin/../lib/gcc/avr/5.4.0/avr5\libgcc.a(_copy_data.o)
                0x00000060                __do_copy_data
 *(.init4)
 *(.init5)
 *(.init5)
 *(.init6)
 *(.init6)
 *(.init7)
 *(.init7)
 *(.init8)
 *(.init8)
 *(.init9)
 .init9         0x00000076        0x4 C:/Program Files (x86)/Atmel/Studio/7.0/Packs/atmel/ATmega_DFP/1.6.364/gcc/dev/atmega32/avr5/crtatmega32.o
 *(.init9)
 *(.text)
 .text          0x0000007a        0x2 C:/Program Files (x86)/Atmel/Studio/7.0/Packs/atmel/ATmega_DFP/1.6.364/gcc/dev/atmega32/avr5/crtatmega32.o
                0x0000007a                __vector_1
                0x0000007a                __vector_12
                0x0000007a                __bad_interrupt
                0x0000007a                __vector_6
                0x0000007a                __vector_3
                0x0000007a                __vector_11
                0x0000007a                __vector_13
                0x0000007a                __vector_17
                0x0000007a                __vector_19
                0x0000007a                __vector_7
                0x0000007a                __vector_5
                0x0000007a                __vector_4
                0x0000007a                __vector_9
                0x0000007a                __vector_2
                0x0000007a                __vector_15
                0x0000007a                __vector_8
                0x0000007a                __vector_14
                0x0000007a                __vector_10
                0x0000007a                __vector_16
                0x0000007a                __vector_18
                0x0000007a                __vector_20
                0x0000007c                . = ALIGN (0x2)
 *(.text.*)
 .text.GPIO_INIT
                0x0000007c       0x96 HAL/LCD.o
                0x0000007c                GPIO_INIT
 .text.Data_INPUT
                0x00000112       0x5c HAL/LCD.o
                0x00000112                Data_INPUT
 .text.LCD_config
                0x0000016e       0x22 HAL/LCD.o
                0x0000016e                LCD_config
 .text.LCD_busy
                0x00000190       0x7a HAL/LCD.o
                0x00000190                LCD_busy
 .text.LCD_WRITE_COMMAND
                0x0000020a       0x4c HAL/LCD.o
                0x0000020a                LCD_WRITE_COMMAND
 .text.LCD_clear_screen
                0x00000256        0x6 HAL/LCD.o
                0x00000256                LCD_clear_screen
 .text.LCD_init
                0x0000025c       0x50 HAL/LCD.o
                0x0000025c                LCD_init
 .text.LCD_WRITE_CHAR
                0x000002ac       0x4c HAL/LCD.o
                0x000002ac                LCD_WRITE_CHAR
 .text.LCD_WRITE_STRING
                0x000002f8       0x44 HAL/LCD.o
                0x000002f8                LCD_WRITE_STRING
 .text.MCAL_GPIO_Init
                0x0000033c       0x54 MCAL/GPIO..o
                0x0000033c                MCAL_GPIO_Init
 .text.MCAL_WritePin
                0x00000390       0x1e MCAL/GPIO..o
                0x00000390                MCAL_WritePin
 .text.MCAL_WritePort
                0x000003ae        0x6 MCAL/GPIO..o
                0x000003ae                MCAL_WritePort
 .text.UART_Init
                0x000003b4        0xe MCAL/UART.o
                0x000003b4                UART_Init
 .text.Uart_Send
                0x000003c2        0x8 MCAL/UART.o
                0x000003c2                Uart_Send
 .text.Uart_Recieve
                0x000003ca        0x8 MCAL/UART.o
                0x000003ca                Uart_Recieve
 .text.UART_Send_String
                0x000003d2       0x2a MCAL/UART.o
                0x000003d2                UART_Send_String
 .text.Uart_Recieve_String
                0x000003fc       0x3e MCAL/UART.o
                0x000003fc                Uart_Recieve_String
 .text.main     0x0000043a       0x42 src/main.o
                0x0000043a                main
                0x0000047c                . = ALIGN (0x2)
 *(.fini9)
 .fini9         0x0000047c        0x0 c:/program files (x86)/atmel/studio/7.0/toolchain/avr8/avr8-gnu-toolchain/bin/../lib/gcc/avr/5.4.0/avr5\libgcc.a(_exit.o)
                0x0000047c                _exit
                0x0000047c                exit
 *(.fini9)
 *(.fini8)
 *(.fini8)
 *(.fini7)
 *(.fini7)
 *(.fini6)
 *(.fini6)
 *(.fini5)
 *(.fini5)
 *(.fini4)
 *(.fini4)
 *(.fini3)
 *(.fini3)
 *(.fini2)
 *(.fini2)
 *(.fini1)
 *(.fini1)
 *(.fini0)
 .fini0         0x0000047c        0x4 c:/program files (x86)/atmel/studio/7.0/toolchain/avr8/avr8-gnu-toolchain/bin/../lib/gcc/avr/5.4.0/avr5\libgcc.a(_exit.o)
 *(.fini0)
                0x00000480                _etext = .

.data           0x00800060        0xe load address 0x00000480
                0x00800060                PROVIDE (__data_start, .)
 *(.data)
 *(.data*)
 *(.gnu.linkonce.d*)
 *(.rodata)
 *(.rodata*)
 .rodata.str1.1
                0x00800060        0xd src/main.o
 *(.gnu.linkonce.r*)
                0x0080006e                . = ALIGN (0x2)
 *fill*         0x0080006d        0x1 
                0x0080006e                _edata = .
                0x0080006e                PROVIDE (__data_end, .)

.bss            0x0080006e        0x0
                [!provide]                PROVIDE (__bss_start, .)
 *(.bss)
 *(.bss*)
 *(COMMON)
                [!provide]                PROVIDE (__bss_end, .)
                0x00000480                __data_load_start = LOADADDR (.data)
                0x0000048e                __data_load_end = (__data_load_start + SIZEOF (.data))

.noinit         0x0080006e        0x0
                [!provide]                PROVIDE (__noinit_start, .)
 *(.noinit*)
                [!provide]                PROVIDE (__noinit_end, .)
                0x0080006e                _end = .
                [!provide]                PROVIDE (__heap_start, .)

.eeprom         0x00810000        0x0
 *(.eeprom*)
                0x00810000                __eeprom_end = .

.fuse
 *(.fuse)
 *(.lfuse)
 *(.hfuse)
 *(.efuse)

.lock
 *(.lock*)

.signature
 *(.signature*)

.user_signatures
 *(.user_signatures*)

.stab
 *(.stab)

.stabstr
 *(.stabstr)

.stab.excl
 *(.stab.excl)

.stab.exclstr
 *(.stab.exclstr)

.stab.index
 *(.stab.index)

.stab.indexstr
 *(.stab.indexstr)

.comment        0x00000000       0x30
 *(.comment)
 .comment       0x00000000       0x30 HAL/LCD.o
                                 0x31 (size before relaxing)
 .comment       0x00000030       0x31 MCAL/GPIO..o
 .comment       0x00000030       0x31 MCAL/UART.o
 .comment       0x00000030       0x31 src/main.o

.note.gnu.avr.deviceinfo
                0x00000000       0x3c
 .note.gnu.avr.deviceinfo
                0x00000000       0x3c C:/Program Files (x86)/Atmel/Studio/7.0/Packs/atmel/ATmega_DFP/1.6.364/gcc/dev/atmega32/avr5/crtatmega32.o

.note.gnu.build-id
 *(.note.gnu.build-id)

.debug
 *(.debug)

.line
 *(.line)

.debug_srcinfo
 *(.debug_srcinfo)

.debug_sfnames
 *(.debug_sfnames)

.debug_aranges  0x00000000      0x128
 *(.debug_aranges)
 .debug_aranges
                0x00000000       0x68 HAL/LCD.o
 .debug_aranges
                0x00000068       0x50 MCAL/GPIO..o
 .debug_aranges
                0x000000b8       0x50 MCAL/UART.o
 .debug_aranges
                0x00000108       0x20 src/main.o

.debug_pubnames
 *(.debug_pubnames)

.debug_info     0x00000000     0x15df
 *(.debug_info .gnu.linkonce.wi.*)
 .debug_info    0x00000000      0x4e6 C:/Program Files (x86)/Atmel/Studio/7.0/Packs/atmel/ATmega_DFP/1.6.364/gcc/dev/atmega32/avr5/crtatmega32.o
 .debug_info    0x000004e6      0x9d8 HAL/LCD.o
 .debug_info    0x00000ebe      0x26e MCAL/GPIO..o
 .debug_info    0x0000112c      0x221 MCAL/UART.o
 .debug_info    0x0000134d      0x292 src/main.o

.debug_abbrev   0x00000000      0x9e7
 *(.debug_abbrev)
 .debug_abbrev  0x00000000      0x4a3 C:/Program Files (x86)/Atmel/Studio/7.0/Packs/atmel/ATmega_DFP/1.6.364/gcc/dev/atmega32/avr5/crtatmega32.o
 .debug_abbrev  0x000004a3      0x1e6 HAL/LCD.o
 .debug_abbrev  0x00000689       0xdc MCAL/GPIO..o
 .debug_abbrev  0x00000765      0x144 MCAL/UART.o
 .debug_abbrev  0x000008a9      0x13e src/main.o

.debug_line     0x00000000      0xe13
 *(.debug_line .debug_line.* .debug_line_end)
 .debug_line    0x00000000      0x116 C:/Program Files (x86)/Atmel/Studio/7.0/Packs/atmel/ATmega_DFP/1.6.364/gcc/dev/atmega32/avr5/crtatmega32.o
 .debug_line    0x00000116      0x533 HAL/LCD.o
 .debug_line    0x00000649      0x264 MCAL/GPIO..o
 .debug_line    0x000008ad      0x2d5 MCAL/UART.o
 .debug_line    0x00000b82      0x291 src/main.o

.debug_frame    0x00000000      0x290
 *(.debug_frame)
 .debug_frame   0x00000000      0x118 HAL/LCD.o
 .debug_frame   0x00000118       0x84 MCAL/GPIO..o
 .debug_frame   0x0000019c       0xd0 MCAL/UART.o
 .debug_frame   0x0000026c       0x24 src/main.o

.debug_str      0x00000000     0x50bc
 *(.debug_str)
 .debug_str     0x00000000      0x196 C:/Program Files (x86)/Atmel/Studio/7.0/Packs/atmel/ATmega_DFP/1.6.364/gcc/dev/atmega32/avr5/crtatmega32.o
 .debug_str     0x00000196     0x4bf6 HAL/LCD.o
                               0x4ce1 (size before relaxing)
 .debug_str     0x00004d8c       0x72 MCAL/GPIO..o
                               0x463d (size before relaxing)
 .debug_str     0x00004dfe      0x215 MCAL/UART.o
                               0x467f (size before relaxing)
 .debug_str     0x00005013       0xa9 src/main.o
                               0x4e7a (size before relaxing)

.debug_loc      0x00000000      0x7b5
 *(.debug_loc)
 .debug_loc     0x00000000      0x3e9 HAL/LCD.o
 .debug_loc     0x000003e9      0x167 MCAL/GPIO..o
 .debug_loc     0x00000550      0x265 MCAL/UART.o

.debug_macinfo
 *(.debug_macinfo)

.debug_weaknames
 *(.debug_weaknames)

.debug_funcnames
 *(.debug_funcnames)

.debug_typenames
 *(.debug_typenames)

.debug_varnames
 *(.debug_varnames)

.debug_pubtypes
 *(.debug_pubtypes)

.debug_ranges   0x00000000       0xe8
 *(.debug_ranges)
 .debug_ranges  0x00000000       0x58 HAL/LCD.o
 .debug_ranges  0x00000058       0x40 MCAL/GPIO..o
 .debug_ranges  0x00000098       0x40 MCAL/UART.o
 .debug_ranges  0x000000d8       0x10 src/main.o

.debug_macro    0x00000000      0x722
 *(.debug_macro)
 .debug_macro   0x00000000       0xbc HAL/LCD.o
 .debug_macro   0x000000bc       0x10 HAL/LCD.o
 .debug_macro   0x000000cc       0x10 HAL/LCD.o
 .debug_macro   0x000000dc      0x166 HAL/LCD.o
 .debug_macro   0x00000242       0x60 HAL/LCD.o
 .debug_macro   0x000002a2       0x94 HAL/LCD.o
 .debug_macro   0x00000336       0x8e MCAL/GPIO..o
 .debug_macro   0x000003c4       0xa1 MCAL/UART.o
 .debug_macro   0x00000465       0x16 MCAL/UART.o
 .debug_macro   0x0000047b       0x20 MCAL/UART.o
 .debug_macro   0x0000049b       0xe7 src/main.o
 .debug_macro   0x00000582       0x40 src/main.o
 .debug_macro   0x000005c2      0x160 src/main.o
OUTPUT(Atmega32_drivers.elf elf32-avr)
LOAD linker stubs
